Script started on 2026-03-16 08:40:53+00:00 [TERM="xterm" TTY="/dev/pts/0" COLUMNS="96" LINES="33"]
[?2004h]0;root@eltex-practice2-pg1-v19: ~root@eltex-practice2-pg1-v19:~# ИЩЩЕ_ЕШЬУ[K[K[K[K[K[K[K[K[KBOOT_TIME=$(journalctl -b -n 1 --no-pager | grep "[7mkernel: Linux [27m[7mv[27m[7mersion"[27m[A]0;root@eltex-practice2-pg1-v19: ~root@eltex-practice2-pg1-v19:~# [C[C[C[C[C[C[C[C[C[C[C[C[C[C[C[C[C[C[C[C[C[C[C[C[C[C[C[C[C[C[C[C[C[C[C[C[C[C[C[C[C[C[C[C[C[C[C[C[C[Ckernel: Linux version" | wak [K[K[K[Kawk ''{'}'p{}'r{}'i{}'n{}'t{}'[1P{}'[1P{}'[1P{}'[1P{}'[1P{}'[Cp}'r}'i}'n}'t}' }'$}'1}' }'[1P}'"}' }'"}'$}'2}'"}' }'"}'$}'3}'[C[C)
[?2004l[?2004h]0;root@eltex-practice2-pg1-v19: ~root@eltex-practice2-pg1-v19:~# echo $BOOT_TIME
[?2004l
[?2004h]0;root@eltex-practice2-pg1-v19: ~root@eltex-practice2-pg1-v19:~# [7mjournalctl -b --since "$BOOT_TIME" --until "+20s" --no-pager[27m[C[C[C[C[C[C[C[C[C[C[C[C[C[C[C[C[C[C[C[C[C[C[C[C[C[C[C[C[C[C[C[Cjournalctl -b --since "$BOOT_TIME" --until "+20s" --no-pager
[?2004l[0;1;31mFailed to parse timestamp: [0m
[?2004h]0;root@eltex-practice2-pg1-v19: ~root@eltex-practice2-pg1-v19:~# ^C[?2004l[?2004h[?2004l
[?2004h]0;root@eltex-practice2-pg1-v19: ~root@eltex-practice2-pg1-v19:~# journalctl -b -o short-iso | head -n 20
[?2004l2026-03-12T08:27:33+00:00 localhost kernel: Linux version 6.8.0-55-generic (buildd@lcy02-amd64-095) (x86_64-linux-gnu-gcc-13 (Ubuntu 13.3.0-6ubuntu2~24.04) 13.3.0, GNU ld (GNU Binutils for Ubuntu) 2.42) #57-Ubuntu SMP PREEMPT_DYNAMIC Wed Feb 12 23:42:21 UTC 2025 (Ubuntu 6.8.0-55.57-generic 6.8.12)
2026-03-12T08:27:33+00:00 localhost kernel: Command line: BOOT_IMAGE=/vmlinuz-6.8.0-55-generic root=/dev/mapper/ubuntu--vg-ubuntu--lv ro
2026-03-12T08:27:33+00:00 localhost kernel: KERNEL supported cpus:
2026-03-12T08:27:33+00:00 localhost kernel:   Intel GenuineIntel
2026-03-12T08:27:33+00:00 localhost kernel:   AMD AuthenticAMD
2026-03-12T08:27:33+00:00 localhost kernel:   Hygon HygonGenuine
2026-03-12T08:27:33+00:00 localhost kernel:   Centaur CentaurHauls
2026-03-12T08:27:33+00:00 localhost kernel:   zhaoxin   Shanghai  
2026-03-12T08:27:33+00:00 localhost kernel: BIOS-provided physical RAM map:
2026-03-12T08:27:33+00:00 localhost kernel: BIOS-e820: [mem 0x0000000000000000-0x000000000009fbff] usable
2026-03-12T08:27:33+00:00 localhost kernel: BIOS-e820: [mem 0x000000000009fc00-0x000000000009ffff] reserved
2026-03-12T08:27:33+00:00 localhost kernel: BIOS-e820: [mem 0x00000000000f0000-0x00000000000fffff] reserved
2026-03-12T08:27:33+00:00 localhost kernel: BIOS-e820: [mem 0x0000000000100000-0x00000000bffd9fff] usable
2026-03-12T08:27:33+00:00 localhost kernel: BIOS-e820: [mem 0x00000000bffda000-0x00000000bfffffff] reserved
2026-03-12T08:27:33+00:00 localhost kernel: BIOS-e820: [mem 0x00000000feffc000-0x00000000feffffff] reserved
2026-03-12T08:27:33+00:00 localhost kernel: BIOS-e820: [mem 0x00000000fffc0000-0x00000000ffffffff] reserved
2026-03-12T08:27:33+00:00 localhost kernel: BIOS-e820: [mem 0x0000000100000000-0x000000013fffffff] usable
2026-03-12T08:27:33+00:00 localhost kernel: BIOS-e820: [mem 0x000000fd00000000-0x000000ffffffffff] reserved
2026-03-12T08:27:33+00:00 localhost kernel: NX (Execute Disable) protection: active
2026-03-12T08:27:33+00:00 localhost kernel: APIC: Static calls initialized
[?2004h]0;root@eltex-practice2-pg1-v19: ~root@eltex-practice2-pg1-v19:~# ^C[?2004l[?2004h[?2004l
[?2004h]0;root@eltex-practice2-pg1-v19: ~root@eltex-practice2-pg1-v19:~# journalctl -b -o short-iso | head -n 20-since "$BOOT_TIME" --until "+20s" --no-pager[C[C[C[C[C[C[C[C[C[C[C[C[C[C[C[C[C[C[C[C[C[C[C[C[C[C[C[C[C[C[C[Cecho $BOOT_TIME[KBOOT_TIME=$(journalctl -b -n 1 --no-pager | grep "kernel: Linux version" | awk '{print $1" "$2" "$3}')[A[C[C[C[C[C[C[C[C[C[C[C[C[C[C[C[C[C[C[C[C[C[C[C[C[C[C[C[C[C[C[C[C[C[C[C[C[C[C[C[C[C[C[C[C[C[C[C[C[C[C[C[C[C[C[C[C[C[C[C[C[C[C[C[C[C[C[C[C[C[C[C[C[C[C[C[C[C[C[C[C[C[C[C[C[C[C[C[C[C[C[C[C[C[C[C[C[C[C| grep "kernel: Linux ve[1P[A]0;root@eltex-practice2-pg1-v19: ~root@eltex-practice2-pg1-v19:~# [C[C[C[C[C[C[C[C[C[C[C[C[C[C[C[C[C[C[C[C[C[C[C[C[C[C[C[C[C[C[C[C[C[C[C[C[C[C[C[C[C| grep "kernel: Linux ver[1P[A]0;root@eltex-practice2-pg1-v19: ~root@eltex-practice2-pg1-v19:~# [C[C[C[C[C[C[C[C[C[C[C[C[C[C[C[C[C[C[C[C[C[C[C[C[C[C[C[C[C[C[C[C[C[C[C[C[C[C[C[C| grep "kernel: Linux vers[1P[A]0;root@eltex-practice2-pg1-v19: ~root@eltex-practice2-pg1-v19:~# [C[C[C[C[C[C[C[C[C[C[C[C[C[C[C[C[C[C[C[C[C[C[C[C[C[C[C[C[C[C[C[C[C[C[C[C[C[C[C| grep "kernel: Linux versi[1P[A]0;root@eltex-practice2-pg1-v19: ~root@eltex-practice2-pg1-v19:~# [C[C[C[C[C[C[C[C[C[C[C[C[C[C[C[C[C[C[C[C[C[C[C[C[C[C[C[C[C[C[C[C[C[C[C[C[C[C| grep "kernel: Linux versio[1P[A]0;root@eltex-practice2-pg1-v19: ~root@eltex-practice2-pg1-v19:~# [C[C[C[C[C[C[C[C[C[C[C[C[C[C[C[C[C[C[C[C[C[C[C[C[C[C[C[C[C[C[C[C[C[C[C[C[C| grep "kernel: Linux version[1P[A]0;root@eltex-practice2-pg1-v19: ~root@eltex-practice2-pg1-v19:~# [C[C[C[C[C[C[C[C[C[C[C[C[C[C[C[C[C[C[C[C[C[C[C[C[C[C[C[C[C[C[C[C[C[C[C[C| grep "kernel: Linux version"[1P[A]0;root@eltex-practice2-pg1-v19: ~root@eltex-practice2-pg1-v19:~# [C[C[C[C[C[C[C[C[C[C[C[C[C[C[C[C[C[C[C[C[C[C[C[C[C[C[C[C[C[C[C[C[C[C[C| grep "kernel: Linux version" [1P[A]0;root@eltex-practice2-pg1-v19: ~root@eltex-practice2-pg1-v19:~# [C[C[C[C[C[C[C[C[C[C[C[C[C[C[C[C[C[C[C[C[C[C[C[C[C[C[C[C[C[C[C[C[C[C| grep "kernel: Linux version" |[1P[A]0;root@eltex-practice2-pg1-v19: ~root@eltex-practice2-pg1-v19:~# [C[C[C[C[C[C[C[C[C[C[C[C[C[C[C[C[C[C[C[C[C[C[C[C[C[C[C[C[C[C[C[C[C| grep "kernel: Linux version" | [1P[A]0;root@eltex-practice2-pg1-v19: ~root@eltex-practice2-pg1-v19:~# [C[C[C[C[C[C[C[C[C[C[C[C[C[C[C[C[C[C[C[C[C[C[C[C[C[C[C[C[C[C[C[C| grep "kernel: Linux version" | a[1P[A]0;root@eltex-practice2-pg1-v19: ~root@eltex-practice2-pg1-v19:~# [C[C[C[C[C[C[C[C[C[C[C[C[C[C[C[C[C[C[C[C[C[C[C[C[C[C[C[C[C[C[C| grep "kernel: Linux version" | aw[1P[A]0;root@eltex-practice2-pg1-v19: ~root@eltex-practice2-pg1-v19:~# [C[C[C[C[C[C[C[C[C[C[C[C[C[C[C[C[C[C[C[C[C[C[C[C[C[C[C[C[C[C| grep "kernel: Linux version" | awk[1P[A]0;root@eltex-practice2-pg1-v19: ~root@eltex-practice2-pg1-v19:~# [C[C[C[C[C[C[C[C[C[C[C[C[C[C[C[C[C[C[C[C[C[C[C[C[C[C[C[C[C| grep "kernel: Linux version" | awk [1P[A]0;root@eltex-practice2-pg1-v19: ~root@eltex-practice2-pg1-v19:~# [C[C[C[C[C[C[C[C[C[C[C[C[C[C[C[C[C[C[C[C[C[C[C[C[C[C[C[C| grep "kernel: Linux version" | awk '[1P[A]0;root@eltex-practice2-pg1-v19: ~root@eltex-practice2-pg1-v19:~# [C[C[C[C[C[C[C[C[C[C[C[C[C[C[C[C[C[C[C[C[C[C[C[C[C[C[C| grep "kernel: Linux version" | awk '{[1P[A]0;root@eltex-practice2-pg1-v19: ~root@eltex-practice2-pg1-v19:~# [C[C[C[C[C[C[C[C[C[C[C[C[C[C[C[C[C[C[C[C[C[C[C[C[C[C| grep "kernel: Linux version" | awk '{p[1P[A]0;root@eltex-practice2-pg1-v19: ~root@eltex-practice2-pg1-v19:~# [C[C[C[C[C[C[C[C[C[C[C[C[C[C[C[C[C[C[C[C[C[C[C[C[C| grep "kernel: Linux version" | awk '{pr[1P[A]0;root@eltex-practice2-pg1-v19: ~root@eltex-practice2-pg1-v19:~# [C[C[C[C[C[C[C[C[C[C[C[C[C[C[C[C[C[C[C[C[C[C[C[Cb| grep "kernel: Linux version" | awk '{p[1@r[A]0;root@eltex-practice2-pg1-v19: ~root@eltex-practice2-pg1-v19:~# [C[C[C[C[C[C[C[C[C[C[C[C[C[C[C[C[C[C[C[C[C[C[C[C[C | grep "kernel: Linux version" | awk '{[1@p[A]0;root@eltex-practice2-pg1-v19: ~root@eltex-practice2-pg1-v19:~# [C[C[C[C[C[C[C[C[C[C[C[C[C[C[C[C[C[C[C[C[C[C[C[C[C[C-| grep "kernel: Linux version" | awk '[1@{[A]0;root@eltex-practice2-pg1-v19: ~root@eltex-practice2-pg1-v19:~# [C[C[C[C[C[C[C[C[C[C[C[C[C[C[C[C[C[C[C[C[C[C[C[C[C[C[Co| grep "kernel: Linux version" | awk [1@'[A]0;root@eltex-practice2-pg1-v19: ~root@eltex-practice2-pg1-v19:~# [C[C[C[C[C[C[C[C[C[C[C[C[C[C[C[C[C[C[C[C[C[C[C[C[C[C[C[C | grep "kernel: Linux version" | awk[1@ [A]0;root@eltex-practice2-pg1-v19: ~root@eltex-practice2-pg1-v19:~# [C[C[C[C[C[C[C[C[C[C[C[C[C[C[C[C[C[C[C[C[C[C[C[C[C[C[C[C[Cs| grep "kernel: Linux version" | aw[1@k[A]0;root@eltex-practice2-pg1-v19: ~root@eltex-practice2-pg1-v19:~# [C[C[C[C[C[C[C[C[C[C[C[C[C[C[C[C[C[C[C[C[C[C[C[C[C[C[C[C[C[Ch| grep "kernel: Linux version" | a[1@w[A]0;root@eltex-practice2-pg1-v19: ~root@eltex-practice2-pg1-v19:~# [C[C[C[C[C[C[C[C[C[C[C[C[C[C[C[C[C[C[C[C[C[C[C[C[C[C[C[C[C[C[Co| grep "kernel: Linux version" | [1@a[A]0;root@eltex-practice2-pg1-v19: ~root@eltex-practice2-pg1-v19:~# [C[C[C[C[C[C[C[C[C[C[C[C[C[C[C[C[C[C[C[C[C[C[C[C[C[C[C[C[C[C[C[Cr| grep "kernel: Linux version" |[1@ [A]0;root@eltex-practice2-pg1-v19: ~root@eltex-practice2-pg1-v19:~# [C[C[C[C[C[C[C[C[C[C[C[C[C[C[C[C[C[C[C[C[C[C[C[C[C[C[C[C[C[C[C[C[Ct| grep "kernel: Linux version" [1@|[A]0;root@eltex-practice2-pg1-v19: ~root@eltex-practice2-pg1-v19:~# [C[C[C[C[C[C[C[C[C[C[C[C[C[C[C[C[C[C[C[C[C[C[C[C[C[C[C[C[C[C[C[C[C[C-| grep "kernel: Linux version"[1@ [A]0;root@eltex-practice2-pg1-v19: ~root@eltex-practice2-pg1-v19:~# [C[C[C[C[C[C[C[C[C[C[C[C[C[C[C[C[C[C[C[C[C[C[C[C[C[C[C[C[C[C[C[C[C[C[Ci| grep "kernel: Linux version[1@"[A]0;root@eltex-practice2-pg1-v19: ~root@eltex-practice2-pg1-v19:~# [C[C[C[C[C[C[C[C[C[C[C[C[C[C[C[C[C[C[C[C[C[C[C[C[C[C[C[C[C[C[C[C[C[C[C[Cs| grep "kernel: Linux versio[1@n[A]0;root@eltex-practice2-pg1-v19: ~root@eltex-practice2-pg1-v19:~# [C[C[C[C[C[C[C[C[C[C[C[C[C[C[C[C[C[C[C[C[C[C[C[C[C[C[C[C[C[C[C[C[C[C[C[C[Co| grep "kernel: Linux versi[1@o[A]0;root@eltex-practice2-pg1-v19: ~root@eltex-practice2-pg1-v19:~# [C[C[C[C[C[C[C[C[C[C[C[C[C[C[C[C[C[C[C[C[C[C[C[C[C[C[C[C[C[C[C[C[C[C[C[C[C[C | grep "kernel: Linux vers[1@i[A]0;root@eltex-practice2-pg1-v19: ~root@eltex-practice2-pg1-v19:~# [C[C[C[C[C[C[C[C[C[C[C[C[C[C[C[C[C[C[C[C[C[C[C[C[C[C[C[C[C[C[C[C[C[C[C[C[C[C[C[C[C[C[C[C[C[C[C "kernel: Linux ver[1@s[A]0;root@eltex-practice2-pg1-v19: ~root@eltex-practice2-pg1-v19:~# [C[C[C[C[C[C[C[C[C[C[C[C[C[C[C[C[C[C[C[C[C[C[C[C[C[C[C[C[C[C[C[C[C[C[C[C[C[C[C[C[C[C[C[C[C[C- "kernel: Linux ve[1@r[A]0;root@eltex-practice2-pg1-v19: ~root@eltex-practice2-pg1-v19:~# [C[C[C[C[C[C[C[C[C[C[C[C[C[C[C[C[C[C[C[C[C[C[C[C[C[C[C[C[C[C[C[C[C[C[C[C[C[C[C[C[C[C[C[C[C[C[Cm "kernel: Linux v[1@e[A]0;root@eltex-practice2-pg1-v19: ~root@eltex-practice2-pg1-v19:~# [C[C[C[C[C[C[C[C[C[C[C[C[C[C[C[C[C[C[C[C[C[C[C[C[C[C[C[C[C[C[C[C[C[C[C[C[C[C[C[C[C[C[C[C[C[C[C[C[C "kernel: Linux [1@v[A]0;root@eltex-practice2-pg1-v19: ~root@eltex-practice2-pg1-v19:~# [C[C[C[C[C[C[C[C[C[C[C[C[C[C[C[C[C[C[C[C[C[C[C[C[C[C[C[C[C[C[C[C[C[C[C[C[C[C[C[C[C[C[C[C[C[C[C[C[C1 "kernel: Linux[1@ [A]0;root@eltex-practice2-pg1-v19: ~root@eltex-practice2-pg1-v19:~# [C[C[C[C[C[C[C[C[C[C[C[C[C[C[C[C[C[C[C[C[C[C[C[C[C[C[C[C[C[C[C[C[C[C[C[C[C[C[C[C[C[C[C[C[C[C[C[C[C[C[C[C[C[C[C[C[C[C[C[C[C[C[C
[C[C[C[C[C[C[C[C[C[1P[1P[1P[1P[1P[1P[1P[1P[1P[A[C[C[C[C[C[C[C[C[C[C[C[C[C[C[C[C[C[C[C[C[C[C[C[C[C[C[C[C[C[C[C[C[C[C[C[C[C[C[C[C[C[C[C[C[C[C[C[C[C[C[C[C[C[C[C[C[C[C[C[C[C[C[C[C[C[C[C[C[C[C[C[C[C[C[C[C[C[C[C[C[C[C[C[C[C[C[C[C[C[C[C[C[C[C[C" [1P[A]0;root@eltex-practice2-pg1-v19: ~root@eltex-practice2-pg1-v19:~# [C[C[C[C[C[C[C[C[C[C[C[C[C[C[C[C[C[C[C[C[C[C[C[C[C[C[C[C[C[C[C[C[C[C[C[C[C[C[C[C[C[C[C[C[C[C[C[C[C[C[C[C[C[C[C[C[C[C[C[C[C[C[C" |[1P[A]0;root@eltex-practice2-pg1-v19: ~root@eltex-practice2-pg1-v19:~# [C[C[C[C[C[C[C[C[C[C[C[C[C[C[C[C[C[C[C[C[C[C[C[C[C[C[C[C[C[C[C[C[C[C[C[C[C[C[C[C[C[C[C[C[C[C[C[C[C[C[C[C[C[C[C[C[C[C[C[C[C[C" | [1P[A]0;root@eltex-practice2-pg1-v19: ~root@eltex-practice2-pg1-v19:~# [C[C[C[C[C[C[C[C[C[C[C[C[C[C[C[C[C[C[C[C[C[C[C[C[C[C[C[C[C[C[C[C[C[C[C[C[C[C[C[C[C[C[C[C[C[C[C[C[C[C[C[C[C[C[C[C[C[C[C[C[C" | a[1P[A]0;root@eltex-practice2-pg1-v19: ~root@eltex-practice2-pg1-v19:~# [C[C[C[C[C[C[C[C[C[C[C[C[C[C[C[C[C[C[C[C[C[C[C[C[C[C[C[C[C[C[C[C[C[C[C[C[C[C[C[C[C[C[C[C[C[C[C[C[C[C[C[C[C[C[C[C[C[C[C[C" | aw[1P[A]0;root@eltex-practice2-pg1-v19: ~root@eltex-practice2-pg1-v19:~# [C[C[C[C[C[C[C[C[C[C[C[C[C[C[C[C[C[C[C[C[C[C[C[C[C[C[C[C[C[C[C[C[C[C[C[C[C[C[C[C[C[C[C[C[C[C[C[C[C[C[C[C[C[C[C[C[C[C[C[C[C[C[C
[C[C[C[C[C[C[C[C[C[C[C[C[C[C[C[C[C[C[C[C[C[C[C[C[C[C[1P}')[1P}')[1P}')[1P}')[1P}')[1P}')[1P}')[1P}')[1P}')[1P}')[C[C[C
[?2004l[?2004h]0;root@eltex-practice2-pg1-v19: ~root@eltex-practice2-pg1-v19:~# BOOT_TIME=$(journalctl -b -o short-iso | grep -m 1 "kernel:" | awk '{print $1}')[A]0;root@eltex-practice2-pg1-v19: ~root@eltex-practice2-pg1-v19:~# [25Pjournalctl -b -o short-iso | head -n 20
[K[A[C[C[C[C[C[C[C[C[C[C[C[C[C[C[C[C[C[C[C[C[C[C[C[C[C[C[C[C[C[C[C[C[C[C[C[C[C[C[C[C[C[C[C[C[C[C[C[C[C[C[C[C[C[C[C[C[C[C[C[C[C[C[C[C[C[C[C[C[C[C[C-since "$BOOT_TIME" --until "+20s" --no-pager[C[C[C[C[C[C[C[C[C[C[C[C[C[C[C[C[C[C[C[C[C[C[C[C[C[C[C[C[C[C[C[Cecho $BOOT_TIME[K
[?2004l2026-03-12T08:27:33+00:00
[?2004h]0;root@eltex-practice2-pg1-v19: ~root@eltex-practice2-pg1-v19:~# echo $BOOT_TIMEBOOT_TIME=$(journalctl -b -o short-iso | grep -m 1 "kernel:" | awk '{print $1}')[A]0;root@eltex-practice2-pg1-v19: ~root@eltex-practice2-pg1-v19:~# [25Pjournalctl -b -o short-iso | head -n 20
[K[A[C[C[C[C[C[C[C[C[C[C[C[C[C[C[C[C[C[C[C[C[C[C[C[C[C[C[C[C[C[C[C[C[C[C[C[C[C[C[C[C[C[C[C[C[C[C[C[C[C[C[C[C[C[C[C[C[C[C[C[C[C[C[C[C[C[C[C[C[C[C[C-since "$BOOT_TIME" --until "+20s" --no-pager
[?2004lMar 12 08:27:33 localhost kernel: [0;1;39m[0;1;31m[0;1;39mLinux version 6.8.0-55-generic (buildd@lcy02-amd64-095) (x86_64-linux-gnu-gcc-13 (Ubuntu 13.3.0-6ubuntu2~24.04) 13.3.0, GNU ld (GNU Binutils for Ubuntu) 2.42) #57-Ubuntu SMP PREEMPT_DYNAMIC Wed Feb 12 23:42:21 UTC 2025 (Ubuntu 6.8.0-55.57-generic 6.8.12)[0m
Mar 12 08:27:33 localhost kernel: Command line: BOOT_IMAGE=/vmlinuz-6.8.0-55-generic root=/dev/mapper/ubuntu--vg-ubuntu--lv ro
Mar 12 08:27:33 localhost kernel: KERNEL supported cpus:
Mar 12 08:27:33 localhost kernel:   Intel GenuineIntel
Mar 12 08:27:33 localhost kernel:   AMD AuthenticAMD
Mar 12 08:27:33 localhost kernel:   Hygon HygonGenuine
Mar 12 08:27:33 localhost kernel:   Centaur CentaurHauls
Mar 12 08:27:33 localhost kernel:   zhaoxin   Shanghai  
Mar 12 08:27:33 localhost kernel: BIOS-provided physical RAM map:
Mar 12 08:27:33 localhost kernel: BIOS-e820: [mem 0x0000000000000000-0x000000000009fbff] usable
Mar 12 08:27:33 localhost kernel: BIOS-e820: [mem 0x000000000009fc00-0x000000000009ffff] reserved
Mar 12 08:27:33 localhost kernel: BIOS-e820: [mem 0x00000000000f0000-0x00000000000fffff] reserved
Mar 12 08:27:33 localhost kernel: BIOS-e820: [mem 0x0000000000100000-0x00000000bffd9fff] usable
Mar 12 08:27:33 localhost kernel: BIOS-e820: [mem 0x00000000bffda000-0x00000000bfffffff] reserved
Mar 12 08:27:33 localhost kernel: BIOS-e820: [mem 0x00000000feffc000-0x00000000feffffff] reserved
Mar 12 08:27:33 localhost kernel: BIOS-e820: [mem 0x00000000fffc0000-0x00000000ffffffff] reserved
Mar 12 08:27:33 localhost kernel: BIOS-e820: [mem 0x0000000100000000-0x000000013fffffff] usable
Mar 12 08:27:33 localhost kernel: BIOS-e820: [mem 0x000000fd00000000-0x000000ffffffffff] reserved
Mar 12 08:27:33 localhost kernel: NX (Execute Disable) protection: active
Mar 12 08:27:33 localhost kernel: APIC: Static calls initialized
Mar 12 08:27:33 localhost kernel: SMBIOS 2.8 present.
Mar 12 08:27:33 localhost kernel: DMI: QEMU Standard PC (i440FX + PIIX, 1996), BIOS rel-1.17.0-0-gb52ca86e094d-prebuilt.qemu.org 04/01/2014
Mar 12 08:27:33 localhost kernel: Hypervisor detected: KVM
Mar 12 08:27:33 localhost kernel: kvm-clock: Using msrs 4b564d01 and 4b564d00
Mar 12 08:27:33 localhost kernel: kvm-clock: using sched offset of 1123476703587 cycles
Mar 12 08:27:33 localhost kernel: clocksource: kvm-clock: mask: 0xffffffffffffffff max_cycles: 0x1cd42e4dffb, max_idle_ns: 881590591483 ns
Mar 12 08:27:33 localhost kernel: tsc: Detected 3400.000 MHz processor
Mar 12 08:27:33 localhost kernel: [0;38;5;245m[0;1;31m[0;38;5;245me820: update [mem 0x00000000-0x00000fff] usable ==> reserved[0m
Mar 12 08:27:33 localhost kernel: [0;38;5;245m[0;1;31m[0;38;5;245me820: remove [mem 0x000a0000-0x000fffff] usable[0m
Mar 12 08:27:33 localhost kernel: AGP: No AGP bridge found
Mar 12 08:27:33 localhost kernel: last_pfn = 0x140000 max_arch_pfn = 0x400000000
Mar 12 08:27:33 localhost kernel: MTRR map: 4 entries (3 fixed + 1 variable; max 19), built from 8 variable MTRRs
Mar 12 08:27:33 localhost kernel: x86/PAT: Configuration [0-7]: WB  WC  UC- UC  WB  WP  UC- WT  
Mar 12 08:27:33 localhost kernel: last_pfn = 0xbffda max_arch_pfn = 0x400000000
Mar 12 08:27:33 localhost kernel: found SMP MP-table at [mem 0x000f5490-0x000f549f]
Mar 12 08:27:33 localhost kernel: RAMDISK: [mem 0x2fccd000-0x33e5dfff]
Mar 12 08:27:33 localhost kernel: ACPI: Early table checksum verification disabled
Mar 12 08:27:33 localhost kernel: ACPI: RSDP 0x00000000000F5290 000014 (v00 BOCHS )
Mar 12 08:27:33 localhost kernel: ACPI: RSDT 0x00000000BFFE3B5F 000034 (v01 BOCHS  BXPC     00000001 BXPC 00000001)
Mar 12 08:27:33 localhost kernel: ACPI: FACP 0x00000000BFFE3979 000074 (v01 BOCHS  BXPC     00000001 BXPC 00000001)
Mar 12 08:27:33 localhost kernel: ACPI: DSDT 0x00000000BFFDF040 004939 (v01 BOCHS  BXPC     00000001 BXPC 00000001)
Mar 12 08:27:33 localhost kernel: ACPI: FACS 0x00000000BFFDF000 000040
Mar 12 08:27:33 localhost kernel: ACPI: APIC 0x00000000BFFE39ED 000080 (v03 BOCHS  BXPC     00000001 BXPC 00000001)
Mar 12 08:27:33 localhost kernel: ACPI: SSDT 0x00000000BFFE3A6D 0000CA (v01 BOCHS  VMGENID  00000001 BXPC 00000001)
Mar 12 08:27:33 localhost kernel: ACPI: WAET 0x00000000BFFE3B37 000028 (v01 BOCHS  BXPC     00000001 BXPC 00000001)
Mar 12 08:27:33 localhost kernel: ACPI: Reserving FACP table memory at [mem 0xbffe3979-0xbffe39ec]
Mar 12 08:27:33 localhost kernel: ACPI: Reserving DSDT table memory at [mem 0xbffdf040-0xbffe3978]
Mar 12 08:27:33 localhost kernel: ACPI: Reserving FACS table memory at [mem 0xbffdf000-0xbffdf03f]
Mar 12 08:27:33 localhost kernel: ACPI: Reserving APIC table memory at [mem 0xbffe39ed-0xbffe3a6c]
Mar 12 08:27:33 localhost kernel: ACPI: Reserving SSDT table memory at [mem 0xbffe3a6d-0xbffe3b36]
Mar 12 08:27:33 localhost kernel: ACPI: Reserving WAET table memory at [mem 0xbffe3b37-0xbffe3b5e]
Mar 12 08:27:33 localhost kernel: No NUMA configuration found
Mar 12 08:27:33 localhost kernel: Faking a node at [mem 0x0000000000000000-0x000000013fffffff]
Mar 12 08:27:33 localhost kernel: NODE_DATA(0) allocated [mem 0x13ffd2000-0x13fffcfff]
Mar 12 08:27:33 localhost kernel: Zone ranges:
Mar 12 08:27:33 localhost kernel:   DMA      [mem 0x0000000000001000-0x0000000000ffffff]
Mar 12 08:27:33 localhost kernel:   DMA32    [mem 0x0000000001000000-0x00000000ffffffff]
Mar 12 08:27:33 localhost kernel:   Normal   [mem 0x0000000100000000-0x000000013fffffff]
Mar 12 08:27:33 localhost kernel:   Device   empty
Mar 12 08:27:33 localhost kernel: Movable zone start for each node
Mar 12 08:27:33 localhost kernel: Early memory node ranges
Mar 12 08:27:33 localhost kernel:   node   0: [mem 0x0000000000001000-0x000000000009efff]
Mar 12 08:27:33 localhost kernel:   node   0: [mem 0x0000000000100000-0x00000000bffd9fff]
Mar 12 08:27:33 localhost kernel:   node   0: [mem 0x0000000100000000-0x000000013fffffff]
Mar 12 08:27:33 localhost kernel: Initmem setup node 0 [mem 0x0000000000001000-0x000000013fffffff]
Mar 12 08:27:33 localhost kernel: On node 0, zone DMA: 1 pages in unavailable ranges
Mar 12 08:27:33 localhost kernel: On node 0, zone DMA: 97 pages in unavailable ranges
Mar 12 08:27:33 localhost kernel: On node 0, zone Normal: 38 pages in unavailable ranges
Mar 12 08:27:33 localhost kernel: ACPI: PM-Timer IO Port: 0x608
Mar 12 08:27:33 localhost kernel: ACPI: LAPIC_NMI (acpi_id[0xff] dfl dfl lint[0x1])
Mar 12 08:27:33 localhost kernel: IOAPIC[0]: apic_id 0, version 17, address 0xfec00000, GSI 0-23
Mar 12 08:27:33 localhost kernel: ACPI: INT_SRC_OVR (bus 0 bus_irq 0 global_irq 2 dfl dfl)
Mar 12 08:27:33 localhost kernel: ACPI: INT_SRC_OVR (bus 0 bus_irq 5 global_irq 5 high level)
Mar 12 08:27:33 localhost kernel: ACPI: INT_SRC_OVR (bus 0 bus_irq 9 global_irq 9 high level)
Mar 12 08:27:33 localhost kernel: ACPI: INT_SRC_OVR (bus 0 bus_irq 10 global_irq 10 high level)
Mar 12 08:27:33 localhost kernel: ACPI: INT_SRC_OVR (bus 0 bus_irq 11 global_irq 11 high level)
Mar 12 08:27:33 localhost kernel: ACPI: Using ACPI (MADT) for SMP configuration information
Mar 12 08:27:33 localhost kernel: smpboot: Allowing 2 CPUs, 0 hotplug CPUs
Mar 12 08:27:33 localhost kernel: kvm-guest: APIC: eoi() replaced with kvm_guest_apic_eoi_write()
Mar 12 08:27:33 localhost kernel: PM: hibernation: Registered nosave memory: [mem 0x00000000-0x00000fff]
Mar 12 08:27:33 localhost kernel: PM: hibernation: Registered nosave memory: [mem 0x0009f000-0x0009ffff]
Mar 12 08:27:33 localhost kernel: PM: hibernation: Registered nosave memory: [mem 0x000a0000-0x000effff]
Mar 12 08:27:33 localhost kernel: PM: hibernation: Registered nosave memory: [mem 0x000f0000-0x000fffff]
Mar 12 08:27:33 localhost kernel: PM: hibernation: Registered nosave memory: [mem 0xbffda000-0xbfffffff]
Mar 12 08:27:33 localhost kernel: PM: hibernation: Registered nosave memory: [mem 0xc0000000-0xfeffbfff]
Mar 12 08:27:33 localhost kernel: PM: hibernation: Registered nosave memory: [mem 0xfeffc000-0xfeffffff]
Mar 12 08:27:33 localhost kernel: PM: hibernation: Registered nosave memory: [mem 0xff000000-0xfffbffff]
Mar 12 08:27:33 localhost kernel: PM: hibernation: Registered nosave memory: [mem 0xfffc0000-0xffffffff]
Mar 12 08:27:33 localhost kernel: [mem 0xc0000000-0xfeffbfff] available for PCI devices
Mar 12 08:27:33 localhost kernel: Booting paravirtualized kernel on KVM
Mar 12 08:27:33 localhost kernel: clocksource: refined-jiffies: mask: 0xffffffff max_cycles: 0xffffffff, max_idle_ns: 1910969940391419 ns
Mar 12 08:27:33 localhost kernel: setup_percpu: NR_CPUS:8192 nr_cpumask_bits:2 nr_cpu_ids:2 nr_node_ids:1
Mar 12 08:27:33 localhost kernel: percpu: Embedded 86 pages/cpu s229376 r8192 d114688 u1048576
Mar 12 08:27:33 localhost kernel: [0;38;5;245m[0;1;31m[0;38;5;245mpcpu-alloc: s229376 r8192 d114688 u1048576 alloc=1*2097152[0m
Mar 12 08:27:33 localhost kernel: [0;38;5;245m[0;1;31m[0;38;5;245mpcpu-alloc: [0] 0 1 [0m
Mar 12 08:27:33 localhost kernel: kvm-guest: PV spinlocks enabled
Mar 12 08:27:33 localhost kernel: PV qspinlock hash table entries: 256 (order: 0, 4096 bytes, linear)
Mar 12 08:27:33 localhost kernel: [0;1;39m[0;1;31m[0;1;39mKernel command line: BOOT_IMAGE=/vmlinuz-6.8.0-55-generic root=/dev/mapper/ubuntu--vg-ubuntu--lv ro[0m
Mar 12 08:27:33 localhost kernel: [0;1;39m[0;1;31m[0;1;39mUnknown kernel command line parameters "BOOT_IMAGE=/vmlinuz-6.8.0-55-generic", will be passed to user space.[0m
Mar 12 08:27:33 localhost kernel: Dentry cache hash table entries: 524288 (order: 10, 4194304 bytes, linear)
Mar 12 08:27:33 localhost kernel: Inode-cache hash table entries: 262144 (order: 9, 2097152 bytes, linear)
Mar 12 08:27:33 localhost kernel: Fallback order for Node 0: 0 
Mar 12 08:27:33 localhost kernel: Built 1 zonelists, mobility grouping on.  Total pages: 1031898
Mar 12 08:27:33 localhost kernel: Policy zone: Normal
Mar 12 08:27:33 localhost kernel: mem auto-init: stack:all(zero), heap alloc:on, heap free:off
Mar 12 08:27:33 localhost kernel: AGP: Checking aperture...
Mar 12 08:27:33 localhost kernel: AGP: No AGP bridge found
Mar 12 08:27:33 localhost kernel: software IO TLB: area num 2.
Mar 12 08:27:33 localhost kernel: Memory: 3933488K/4193760K available (22528K kernel code, 4443K rwdata, 14344K rodata, 4988K init, 4716K bss, 260012K reserved, 0K cma-reserved)
Mar 12 08:27:33 localhost kernel: SLUB: HWalign=64, Order=0-3, MinObjects=0, CPUs=2, Nodes=1
Mar 12 08:27:33 localhost kernel: ftrace: allocating 58006 entries in 227 pages
Mar 12 08:27:33 localhost kernel: ftrace: allocated 227 pages with 5 groups
Mar 12 08:27:33 localhost kernel: Dynamic Preempt: voluntary
Mar 12 08:27:33 localhost kernel: rcu: Preemptible hierarchical RCU implementation.
Mar 12 08:27:33 localhost kernel: rcu:         RCU restricting CPUs from NR_CPUS=8192 to nr_cpu_ids=2.
Mar 12 08:27:33 localhost kernel:         Trampoline variant of Tasks RCU enabled.
Mar 12 08:27:33 localhost kernel:         Rude variant of Tasks RCU enabled.
Mar 12 08:27:33 localhost kernel:         Tracing variant of Tasks RCU enabled.
Mar 12 08:27:33 localhost kernel: rcu: RCU calculated value of scheduler-enlistment delay is 100 jiffies.
Mar 12 08:27:33 localhost kernel: rcu: Adjusting geometry for rcu_fanout_leaf=16, nr_cpu_ids=2
Mar 12 08:27:33 localhost kernel: NR_IRQS: 524544, nr_irqs: 440, preallocated irqs: 16
Mar 12 08:27:33 localhost kernel: rcu: srcu_init: Setting srcu_struct sizes based on contention.
Mar 12 08:27:33 localhost kernel: Console: colour dummy device 80x25
Mar 12 08:27:33 localhost kernel: printk: legacy console [tty0] enabled
Mar 12 08:27:33 localhost kernel: ACPI: Core revision 20230628
Mar 12 08:27:33 localhost kernel: APIC: Switch to symmetric I/O mode setup
Mar 12 08:27:33 localhost kernel: x2apic enabled
Mar 12 08:27:33 localhost kernel: APIC: Switched APIC routing to: physical x2apic
Mar 12 08:27:33 localhost kernel: ..TIMER: vector=0x30 apic1=0 pin1=2 apic2=-1 pin2=-1
Mar 12 08:27:33 localhost kernel: tsc: Marking TSC unstable due to TSCs unsynchronized
Mar 12 08:27:33 localhost kernel: Calibrating delay loop (skipped) preset value.. 6800.00 BogoMIPS (lpj=3400000)
Mar 12 08:27:33 localhost kernel: process: using AMD E400 aware idle routine
Mar 12 08:27:33 localhost kernel: Last level iTLB entries: 4KB 512, 2MB 255, 4MB 127
Mar 12 08:27:33 localhost kernel: Last level dTLB entries: 4KB 512, 2MB 255, 4MB 127, 1GB 0
Mar 12 08:27:33 localhost kernel: Spectre V1 : Mitigation: usercopy/swapgs barriers and __user pointer sanitization
Mar 12 08:27:33 localhost kernel: Spectre V2 : Mitigation: Retpolines
Mar 12 08:27:33 localhost kernel: Spectre V2 : Spectre v2 / SpectreRSB mitigation: Filling RSB on context switch
Mar 12 08:27:33 localhost kernel: Spectre V2 : Spectre v2 / SpectreRSB : Filling RSB on VMEXIT
Mar 12 08:27:33 localhost kernel: x86/fpu: x87 FPU will use FXSAVE
Mar 12 08:27:33 localhost kernel: Freeing SMP alternatives memory: 48K
Mar 12 08:27:33 localhost kernel: pid_max: default: 32768 minimum: 301
Mar 12 08:27:33 localhost kernel: LSM: initializing lsm=lockdown,capability,landlock,yama,apparmor,integrity
Mar 12 08:27:33 localhost kernel: landlock: Up and running.
Mar 12 08:27:33 localhost kernel: Yama: becoming mindful.
Mar 12 08:27:33 localhost kernel: AppArmor: AppArmor initialized
Mar 12 08:27:33 localhost kernel: Mount-cache hash table entries: 8192 (order: 4, 65536 bytes, linear)
Mar 12 08:27:33 localhost kernel: Mountpoint-cache hash table entries: 8192 (order: 4, 65536 bytes, linear)
Mar 12 08:27:33 localhost kernel: smpboot: CPU0: AMD QEMU Virtual CPU version 2.5+ (family: 0xf, model: 0x6b, stepping: 0x1)
Mar 12 08:27:33 localhost kernel: RCU Tasks: Setting shift to 1 and lim to 1 rcu_task_cb_adjust=1 rcu_task_cpu_ids=2.
Mar 12 08:27:33 localhost kernel: RCU Tasks Rude: Setting shift to 1 and lim to 1 rcu_task_cb_adjust=1 rcu_task_cpu_ids=2.
Mar 12 08:27:33 localhost kernel: RCU Tasks Trace: Setting shift to 1 and lim to 1 rcu_task_cb_adjust=1 rcu_task_cpu_ids=2.
Mar 12 08:27:33 localhost kernel: Performance Events: AMD PMU driver.
Mar 12 08:27:33 localhost kernel: ... version:                0
Mar 12 08:27:33 localhost kernel: ... bit width:              48
Mar 12 08:27:33 localhost kernel: ... generic registers:      4
Mar 12 08:27:33 localhost kernel: ... value mask:             0000ffffffffffff
Mar 12 08:27:33 localhost kernel: ... max period:             00007fffffffffff
Mar 12 08:27:33 localhost kernel: ... fixed-purpose events:   0
Mar 12 08:27:33 localhost kernel: ... event mask:             000000000000000f
Mar 12 08:27:33 localhost kernel: signal: max sigframe size: 1440
Mar 12 08:27:33 localhost kernel: rcu: Hierarchical SRCU implementation.
Mar 12 08:27:33 localhost kernel: rcu:         Max phase no-delay instances is 400.
Mar 12 08:27:33 localhost kernel: smp: Bringing up secondary CPUs ...
Mar 12 08:27:33 localhost kernel: smpboot: x86: Booting SMP configuration:
Mar 12 08:27:33 localhost kernel: .... node  #0, CPUs:      #1
Mar 12 08:27:33 localhost kernel: smp: Brought up 1 node, 2 CPUs
Mar 12 08:27:33 localhost kernel: smpboot: Max logical packages: 1
Mar 12 08:27:33 localhost kernel: smpboot: Total of 2 processors activated (13600.00 BogoMIPS)
Mar 12 08:27:33 localhost kernel: devtmpfs: initialized
Mar 12 08:27:33 localhost kernel: x86/mm: Memory block size: 128MB
Mar 12 08:27:33 localhost kernel: clocksource: jiffies: mask: 0xffffffff max_cycles: 0xffffffff, max_idle_ns: 1911260446275000 ns
Mar 12 08:27:33 localhost kernel: futex hash table entries: 512 (order: 3, 32768 bytes, linear)
Mar 12 08:27:33 localhost kernel: pinctrl core: initialized pinctrl subsystem
Mar 12 08:27:33 localhost kernel: PM: RTC time: 08:27:12, date: 2026-03-12
Mar 12 08:27:33 localhost kernel: NET: Registered PF_NETLINK/PF_ROUTE protocol family
Mar 12 08:27:33 localhost kernel: DMA: preallocated 512 KiB GFP_KERNEL pool for atomic allocations
Mar 12 08:27:33 localhost kernel: DMA: preallocated 512 KiB GFP_KERNEL|GFP_DMA pool for atomic allocations
Mar 12 08:27:33 localhost kernel: DMA: preallocated 512 KiB GFP_KERNEL|GFP_DMA32 pool for atomic allocations
Mar 12 08:27:33 localhost kernel: audit: initializing netlink subsys (disabled)
Mar 12 08:27:33 localhost kernel: [0;1;39m[0;1;31m[0;1;39maudit: type=2000 audit(1773304032.815:1): state=initialized audit_enabled=0 res=1[0m
Mar 12 08:27:33 localhost kernel: thermal_sys: Registered thermal governor 'fair_share'
Mar 12 08:27:33 localhost kernel: thermal_sys: Registered thermal governor 'bang_bang'
Mar 12 08:27:33 localhost kernel: thermal_sys: Registered thermal governor 'step_wise'
Mar 12 08:27:33 localhost kernel: thermal_sys: Registered thermal governor 'user_space'
Mar 12 08:27:33 localhost kernel: thermal_sys: Registered thermal governor 'power_allocator'
Mar 12 08:27:33 localhost kernel: EISA bus registered
Mar 12 08:27:33 localhost kernel: cpuidle: using governor ladder
Mar 12 08:27:33 localhost kernel: cpuidle: using governor menu
Mar 12 08:27:33 localhost kernel: acpiphp: ACPI Hot Plug PCI Controller Driver version: 0.5
Mar 12 08:27:33 localhost kernel: PCI: Using configuration type 1 for base access
Mar 12 08:27:33 localhost kernel: kprobes: kprobe jump-optimization is enabled. All kprobes are optimized if possible.
Mar 12 08:27:33 localhost kernel: HugeTLB: registered 2.00 MiB page size, pre-allocated 0 pages
Mar 12 08:27:33 localhost kernel: HugeTLB: 28 KiB vmemmap can be freed for a 2.00 MiB page
Mar 12 08:27:33 localhost kernel: fbcon: Taking over console
Mar 12 08:27:33 localhost kernel: ACPI: Added _OSI(Module Device)
Mar 12 08:27:33 localhost kernel: ACPI: Added _OSI(Processor Device)
Mar 12 08:27:33 localhost kernel: ACPI: Added _OSI(3.0 _SCP Extensions)
Mar 12 08:27:33 localhost kernel: ACPI: Added _OSI(Processor Aggregator Device)
Mar 12 08:27:33 localhost kernel: ACPI: 2 ACPI AML tables successfully acquired and loaded
Mar 12 08:27:33 localhost kernel: ACPI: _OSC evaluation for CPUs failed, trying _PDC
Mar 12 08:27:33 localhost kernel: ACPI: Interpreter enabled
Mar 12 08:27:33 localhost kernel: ACPI: PM: (supports S0 S5)
Mar 12 08:27:33 localhost kernel: ACPI: Using IOAPIC for interrupt routing
Mar 12 08:27:33 localhost kernel: PCI: Using host bridge windows from ACPI; if necessary, use "pci=nocrs" and report a bug
Mar 12 08:27:33 localhost kernel: PCI: Using E820 reservations for host bridge windows
Mar 12 08:27:33 localhost kernel: ACPI: Enabled 3 GPEs in block 00 to 0F
Mar 12 08:27:33 localhost kernel: ACPI: PCI Root Bridge [PCI0] (domain 0000 [bus 00-ff])
Mar 12 08:27:33 localhost kernel: acpi PNP0A03:00: _OSC: OS supports [ASPM ClockPM Segments MSI EDR HPX-Type3]
Mar 12 08:27:33 localhost kernel: acpi PNP0A03:00: _OSC: not requesting OS control; OS requires [ExtendedConfig ASPM ClockPM MSI]
Mar 12 08:27:33 localhost kernel: [0;1;38;5;185m[0;1;39m[0;1;38;5;185macpi PNP0A03:00: fail to add MMCONFIG information, can't access extended configuration space under this bridge[0m
Mar 12 08:27:33 localhost kernel: acpiphp: Slot [3] registered
Mar 12 08:27:33 localhost kernel: acpiphp: Slot [8] registered
Mar 12 08:27:33 localhost kernel: acpiphp: Slot [18] registered
Mar 12 08:27:33 localhost kernel: acpiphp: Slot [4] registered
Mar 12 08:27:33 localhost kernel: acpiphp: Slot [6] registered
Mar 12 08:27:33 localhost kernel: acpiphp: Slot [7] registered
Mar 12 08:27:33 localhost kernel: acpiphp: Slot [9] registered
Mar 12 08:27:33 localhost kernel: acpiphp: Slot [10] registered
Mar 12 08:27:33 localhost kernel: acpiphp: Slot [11] registered
Mar 12 08:27:33 localhost kernel: acpiphp: Slot [12] registered
Mar 12 08:27:33 localhost kernel: acpiphp: Slot [13] registered
Mar 12 08:27:33 localhost kernel: acpiphp: Slot [14] registered
Mar 12 08:27:33 localhost kernel: acpiphp: Slot [15] registered
Mar 12 08:27:33 localhost kernel: acpiphp: Slot [16] registered
Mar 12 08:27:33 localhost kernel: acpiphp: Slot [17] registered
Mar 12 08:27:33 localhost kernel: acpiphp: Slot [19] registered
Mar 12 08:27:33 localhost kernel: acpiphp: Slot [20] registered
Mar 12 08:27:33 localhost kernel: acpiphp: Slot [21] registered
Mar 12 08:27:33 localhost kernel: acpiphp: Slot [22] registered
Mar 12 08:27:33 localhost kernel: acpiphp: Slot [23] registered
Mar 12 08:27:33 localhost kernel: acpiphp: Slot [24] registered
Mar 12 08:27:33 localhost kernel: acpiphp: Slot [25] registered
Mar 12 08:27:33 localhost kernel: acpiphp: Slot [26] registered
Mar 12 08:27:33 localhost kernel: acpiphp: Slot [27] registered
Mar 12 08:27:33 localhost kernel: acpiphp: Slot [28] registered
Mar 12 08:27:33 localhost kernel: acpiphp: Slot [29] registered
Mar 12 08:27:33 localhost kernel: PCI host bridge to bus 0000:00
Mar 12 08:27:33 localhost kernel: pci_bus 0000:00: root bus resource [io  0x0000-0x0cf7 window]
Mar 12 08:27:33 localhost kernel: pci_bus 0000:00: root bus resource [io  0x0d00-0xffff window]
Mar 12 08:27:33 localhost kernel: pci_bus 0000:00: root bus resource [mem 0x000a0000-0x000bffff window]
Mar 12 08:27:33 localhost kernel: pci_bus 0000:00: root bus resource [mem 0xc0000000-0xfebfffff window]
Mar 12 08:27:33 localhost kernel: pci_bus 0000:00: root bus resource [mem 0xc000000000-0xc0a000bfff window]
Mar 12 08:27:33 localhost kernel: pci_bus 0000:00: root bus resource [bus 00-ff]
Mar 12 08:27:33 localhost kernel: pci 0000:00:00.0: [8086:1237] type 00 class 0x060000 conventional PCI endpoint
Mar 12 08:27:33 localhost kernel: pci 0000:00:01.0: [8086:7000] type 00 class 0x060100 conventional PCI endpoint
Mar 12 08:27:33 localhost kernel: pci 0000:00:01.1: [8086:7010] type 00 class 0x010180 conventional PCI endpoint
Mar 12 08:27:33 localhost kernel: pci 0000:00:01.1: BAR 4 [io  0xf0e0-0xf0ef]
Mar 12 08:27:33 localhost kernel: pci 0000:00:01.1: BAR 0 [io  0x01f0-0x01f7]: legacy IDE quirk
Mar 12 08:27:33 localhost kernel: pci 0000:00:01.1: BAR 1 [io  0x03f6]: legacy IDE quirk
Mar 12 08:27:33 localhost kernel: pci 0000:00:01.1: BAR 2 [io  0x0170-0x0177]: legacy IDE quirk
Mar 12 08:27:33 localhost kernel: pci 0000:00:01.1: BAR 3 [io  0x0376]: legacy IDE quirk
Mar 12 08:27:33 localhost kernel: pci 0000:00:01.2: [8086:7020] type 00 class 0x0c0300 conventional PCI endpoint
Mar 12 08:27:33 localhost kernel: pci 0000:00:01.2: BAR 4 [io  0xf0c0-0xf0df]
Mar 12 08:27:33 localhost kernel: pci 0000:00:01.3: [8086:7113] type 00 class 0x068000 conventional PCI endpoint
Mar 12 08:27:33 localhost kernel: pci 0000:00:01.3: quirk: [io  0x0600-0x063f] claimed by PIIX4 ACPI
Mar 12 08:27:33 localhost kernel: pci 0000:00:01.3: quirk: [io  0x0700-0x070f] claimed by PIIX4 SMB
Mar 12 08:27:33 localhost kernel: pci 0000:00:02.0: [1234:1111] type 00 class 0x030000 conventional PCI endpoint
Mar 12 08:27:33 localhost kernel: pci 0000:00:02.0: BAR 0 [mem 0xfd000000-0xfdffffff pref]
Mar 12 08:27:33 localhost kernel: pci 0000:00:02.0: BAR 2 [mem 0xfea50000-0xfea50fff]
Mar 12 08:27:33 localhost kernel: pci 0000:00:02.0: ROM [mem 0xfea40000-0xfea4ffff pref]
Mar 12 08:27:33 localhost kernel: pci 0000:00:02.0: Video device with shadowed ROM at [mem 0x000c0000-0x000dffff]
Mar 12 08:27:33 localhost kernel: pci 0000:00:03.0: [1af4:1002] type 00 class 0x00ff00 conventional PCI endpoint
Mar 12 08:27:33 localhost kernel: pci 0000:00:03.0: BAR 0 [io  0xf000-0xf03f]
Mar 12 08:27:33 localhost kernel: pci 0000:00:03.0: BAR 1 [mem 0xfea51000-0xfea51fff]
Mar 12 08:27:33 localhost kernel: pci 0000:00:03.0: BAR 4 [mem 0xc0a0000000-0xc0a0003fff 64bit pref]
Mar 12 08:27:33 localhost kernel: pci 0000:00:05.0: [1b36:0001] type 01 class 0x060400 conventional PCI bridge
Mar 12 08:27:33 localhost kernel: pci 0000:00:05.0: BAR 0 [mem 0xc000000000-0xc0000000ff 64bit]
Mar 12 08:27:33 localhost kernel: pci 0000:00:05.0: PCI bridge to [bus 01]
Mar 12 08:27:33 localhost kernel: pci 0000:00:05.0:   bridge window [io  0xe000-0xefff]
Mar 12 08:27:33 localhost kernel: pci 0000:00:05.0:   bridge window [mem 0xfe800000-0xfe9fffff]
Mar 12 08:27:33 localhost kernel: pci 0000:00:05.0:   bridge window [mem 0xc080000000-0xc09fffffff 64bit pref]
Mar 12 08:27:33 localhost kernel: pci 0000:00:08.0: [1af4:1003] type 00 class 0x078000 conventional PCI endpoint
Mar 12 08:27:33 localhost kernel: pci 0000:00:08.0: BAR 0 [io  0xf040-0xf07f]
Mar 12 08:27:33 localhost kernel: pci 0000:00:08.0: BAR 1 [mem 0xfea52000-0xfea52fff]
Mar 12 08:27:33 localhost kernel: pci 0000:00:08.0: BAR 4 [mem 0xc0a0004000-0xc0a0007fff 64bit pref]
Mar 12 08:27:33 localhost kernel: pci 0000:00:12.0: [1af4:1000] type 00 class 0x020000 conventional PCI endpoint
Mar 12 08:27:33 localhost kernel: pci 0000:00:12.0: BAR 0 [io  0xf080-0xf0bf]
Mar 12 08:27:33 localhost kernel: pci 0000:00:12.0: BAR 1 [mem 0xfea53000-0xfea53fff]
Mar 12 08:27:33 localhost kernel: pci 0000:00:12.0: BAR 4 [mem 0xc0a0008000-0xc0a000bfff 64bit pref]
Mar 12 08:27:33 localhost kernel: pci 0000:00:12.0: ROM [mem 0xfea00000-0xfea3ffff pref]
Mar 12 08:27:33 localhost kernel: pci 0000:00:1e.0: [1b36:0001] type 01 class 0x060400 conventional PCI bridge
Mar 12 08:27:33 localhost kernel: pci 0000:00:1e.0: BAR 0 [mem 0xc000001000-0xc0000010ff 64bit]
Mar 12 08:27:33 localhost kernel: pci 0000:00:1e.0: PCI bridge to [bus 02]
Mar 12 08:27:33 localhost kernel: pci 0000:00:1e.0:   bridge window [io  0xd000-0xdfff]
Mar 12 08:27:33 localhost kernel: pci 0000:00:1e.0:   bridge window [mem 0xfe600000-0xfe7fffff]
Mar 12 08:27:33 localhost kernel: pci 0000:00:1e.0:   bridge window [mem 0xc060000000-0xc07fffffff 64bit pref]
Mar 12 08:27:33 localhost kernel: pci 0000:00:1f.0: [1b36:0001] type 01 class 0x060400 conventional PCI bridge
Mar 12 08:27:33 localhost kernel: pci 0000:00:1f.0: BAR 0 [mem 0xc000002000-0xc0000020ff 64bit]
Mar 12 08:27:33 localhost kernel: pci 0000:00:1f.0: PCI bridge to [bus 03]
Mar 12 08:27:33 localhost kernel: pci 0000:00:1f.0:   bridge window [io  0xc000-0xcfff]
Mar 12 08:27:33 localhost kernel: pci 0000:00:1f.0:   bridge window [mem 0xfe400000-0xfe5fffff]
Mar 12 08:27:33 localhost kernel: pci 0000:00:1f.0:   bridge window [mem 0xc040000000-0xc05fffffff 64bit pref]
Mar 12 08:27:33 localhost kernel: pci_bus 0000:01: extended config space not accessible
Mar 12 08:27:33 localhost kernel: acpiphp: Slot [1-2] registered
Mar 12 08:27:33 localhost kernel: acpiphp: Slot [0] registered
Mar 12 08:27:33 localhost kernel: acpiphp: Slot [2] registered
Mar 12 08:27:33 localhost kernel: acpiphp: Slot [3-2] registered
Mar 12 08:27:33 localhost kernel: acpiphp: Slot [4-2] registered
Mar 12 08:27:33 localhost kernel: acpiphp: Slot [5] registered
Mar 12 08:27:33 localhost kernel: acpiphp: Slot [6-2] registered
Mar 12 08:27:33 localhost kernel: acpiphp: Slot [7-2] registered
Mar 12 08:27:33 localhost kernel: acpiphp: Slot [8-2] registered
Mar 12 08:27:33 localhost kernel: acpiphp: Slot [9-2] registered
Mar 12 08:27:33 localhost kernel: acpiphp: Slot [10-2] registered
Mar 12 08:27:33 localhost kernel: acpiphp: Slot [11-2] registered
Mar 12 08:27:33 localhost kernel: acpiphp: Slot [12-2] registered
Mar 12 08:27:33 localhost kernel: acpiphp: Slot [13-2] registered
Mar 12 08:27:33 localhost kernel: acpiphp: Slot [14-2] registered
Mar 12 08:27:33 localhost kernel: acpiphp: Slot [15-2] registered
Mar 12 08:27:33 localhost kernel: acpiphp: Slot [16-2] registered
Mar 12 08:27:33 localhost kernel: acpiphp: Slot [17-2] registered
Mar 12 08:27:33 localhost kernel: acpiphp: Slot [18-2] registered
Mar 12 08:27:33 localhost kernel: acpiphp: Slot [19-2] registered
Mar 12 08:27:33 localhost kernel: acpiphp: Slot [20-2] registered
Mar 12 08:27:33 localhost kernel: acpiphp: Slot [21-2] registered
Mar 12 08:27:33 localhost kernel: acpiphp: Slot [22-2] registered
Mar 12 08:27:33 localhost kernel: acpiphp: Slot [23-2] registered
Mar 12 08:27:33 localhost kernel: acpiphp: Slot [24-2] registered
Mar 12 08:27:33 localhost kernel: acpiphp: Slot [25-2] registered
Mar 12 08:27:33 localhost kernel: acpiphp: Slot [26-2] registered
Mar 12 08:27:33 localhost kernel: acpiphp: Slot [27-2] registered
Mar 12 08:27:33 localhost kernel: acpiphp: Slot [28-2] registered
Mar 12 08:27:33 localhost kernel: acpiphp: Slot [29-2] registered
Mar 12 08:27:33 localhost kernel: acpiphp: Slot [30] registered
Mar 12 08:27:33 localhost kernel: acpiphp: Slot [31] registered
Mar 12 08:27:33 localhost kernel: pci 0000:01:01.0: [1af4:1004] type 00 class 0x010000 conventional PCI endpoint
Mar 12 08:27:33 localhost kernel: pci 0000:01:01.0: BAR 0 [io  0xe000-0xe03f]
Mar 12 08:27:33 localhost kernel: pci 0000:01:01.0: BAR 1 [mem 0xfe800000-0xfe800fff]
Mar 12 08:27:33 localhost kernel: pci 0000:01:01.0: BAR 4 [mem 0xc080000000-0xc080003fff 64bit pref]
Mar 12 08:27:33 localhost kernel: pci 0000:00:05.0: PCI bridge to [bus 01]
Mar 12 08:27:33 localhost kernel: pci_bus 0000:02: extended config space not accessible
Mar 12 08:27:33 localhost kernel: acpiphp: Slot [0-2] registered
Mar 12 08:27:33 localhost kernel: acpiphp: Slot [1-3] registered
Mar 12 08:27:33 localhost kernel: acpiphp: Slot [2-2] registered
Mar 12 08:27:33 localhost kernel: acpiphp: Slot [3-3] registered
Mar 12 08:27:33 localhost kernel: acpiphp: Slot [4-3] registered
Mar 12 08:27:33 localhost kernel: acpiphp: Slot [5-2] registered
Mar 12 08:27:33 localhost kernel: acpiphp: Slot [6-3] registered
Mar 12 08:27:33 localhost kernel: acpiphp: Slot [7-3] registered
Mar 12 08:27:33 localhost kernel: acpiphp: Slot [8-3] registered
Mar 12 08:27:33 localhost kernel: acpiphp: Slot [9-3] registered
Mar 12 08:27:33 localhost kernel: acpiphp: Slot [10-3] registered
Mar 12 08:27:33 localhost kernel: acpiphp: Slot [11-3] registered
Mar 12 08:27:33 localhost kernel: acpiphp: Slot [12-3] registered
Mar 12 08:27:33 localhost kernel: acpiphp: Slot [13-3] registered
Mar 12 08:27:33 localhost kernel: acpiphp: Slot [14-3] registered
Mar 12 08:27:33 localhost kernel: acpiphp: Slot [15-3] registered
Mar 12 08:27:33 localhost kernel: acpiphp: Slot [16-3] registered
Mar 12 08:27:33 localhost kernel: acpiphp: Slot [17-3] registered
Mar 12 08:27:33 localhost kernel: acpiphp: Slot [18-3] registered
Mar 12 08:27:33 localhost kernel: acpiphp: Slot [19-3] registered
Mar 12 08:27:33 localhost kernel: acpiphp: Slot [20-3] registered
Mar 12 08:27:33 localhost kernel: acpiphp: Slot [21-3] registered
Mar 12 08:27:33 localhost kernel: acpiphp: Slot [22-3] registered
Mar 12 08:27:33 localhost kernel: acpiphp: Slot [23-3] registered
Mar 12 08:27:33 localhost kernel: acpiphp: Slot [24-3] registered
Mar 12 08:27:33 localhost kernel: acpiphp: Slot [25-3] registered
Mar 12 08:27:33 localhost kernel: acpiphp: Slot [26-3] registered
Mar 12 08:27:33 localhost kernel: acpiphp: Slot [27-3] registered
Mar 12 08:27:33 localhost kernel: acpiphp: Slot [28-3] registered
Mar 12 08:27:33 localhost kernel: acpiphp: Slot [29-3] registered
Mar 12 08:27:33 localhost kernel: acpiphp: Slot [30-2] registered
Mar 12 08:27:33 localhost kernel: acpiphp: Slot [31-2] registered
Mar 12 08:27:33 localhost kernel: pci 0000:00:1e.0: PCI bridge to [bus 02]
Mar 12 08:27:33 localhost kernel: pci_bus 0000:03: extended config space not accessible
Mar 12 08:27:33 localhost kernel: acpiphp: Slot [0-3] registered
Mar 12 08:27:33 localhost kernel: acpiphp: Slot [1-4] registered
Mar 12 08:27:33 localhost kernel: acpiphp: Slot [2-3] registered
Mar 12 08:27:33 localhost kernel: acpiphp: Slot [3-4] registered
Mar 12 08:27:33 localhost kernel: acpiphp: Slot [4-4] registered
Mar 12 08:27:33 localhost kernel: acpiphp: Slot [5-3] registered
Mar 12 08:27:33 localhost kernel: acpiphp: Slot [6-4] registered
Mar 12 08:27:33 localhost kernel: acpiphp: Slot [7-4] registered
Mar 12 08:27:33 localhost kernel: acpiphp: Slot [8-4] registered
Mar 12 08:27:33 localhost kernel: acpiphp: Slot [9-4] registered
Mar 12 08:27:33 localhost kernel: acpiphp: Slot [10-4] registered
Mar 12 08:27:33 localhost kernel: acpiphp: Slot [11-4] registered
Mar 12 08:27:33 localhost kernel: acpiphp: Slot [12-4] registered
Mar 12 08:27:33 localhost kernel: acpiphp: Slot [13-4] registered
Mar 12 08:27:33 localhost kernel: acpiphp: Slot [14-4] registered
Mar 12 08:27:33 localhost kernel: acpiphp: Slot [15-4] registered
Mar 12 08:27:33 localhost kernel: acpiphp: Slot [16-4] registered
Mar 12 08:27:33 localhost kernel: acpiphp: Slot [17-4] registered
Mar 12 08:27:33 localhost kernel: acpiphp: Slot [18-4] registered
Mar 12 08:27:33 localhost kernel: acpiphp: Slot [19-4] registered
Mar 12 08:27:33 localhost kernel: acpiphp: Slot [20-4] registered
Mar 12 08:27:33 localhost kernel: acpiphp: Slot [21-4] registered
Mar 12 08:27:33 localhost kernel: acpiphp: Slot [22-4] registered
Mar 12 08:27:33 localhost kernel: acpiphp: Slot [23-4] registered
Mar 12 08:27:33 localhost kernel: acpiphp: Slot [24-4] registered
Mar 12 08:27:33 localhost kernel: acpiphp: Slot [25-4] registered
Mar 12 08:27:33 localhost kernel: acpiphp: Slot [26-4] registered
Mar 12 08:27:33 localhost kernel: acpiphp: Slot [27-4] registered
Mar 12 08:27:33 localhost kernel: acpiphp: Slot [28-4] registered
Mar 12 08:27:33 localhost kernel: acpiphp: Slot [29-4] registered
Mar 12 08:27:33 localhost kernel: acpiphp: Slot [30-3] registered
Mar 12 08:27:33 localhost kernel: acpiphp: Slot [31-3] registered
Mar 12 08:27:33 localhost kernel: pci 0000:00:1f.0: PCI bridge to [bus 03]
Mar 12 08:27:33 localhost kernel: ACPI: PCI: Interrupt link LNKA configured for IRQ 10
Mar 12 08:27:33 localhost kernel: ACPI: PCI: Interrupt link LNKB configured for IRQ 10
Mar 12 08:27:33 localhost kernel: ACPI: PCI: Interrupt link LNKC configured for IRQ 11
Mar 12 08:27:33 localhost kernel: ACPI: PCI: Interrupt link LNKD configured for IRQ 11
Mar 12 08:27:33 localhost kernel: ACPI: PCI: Interrupt link LNKS configured for IRQ 9
Mar 12 08:27:33 localhost kernel: iommu: Default domain type: Translated
Mar 12 08:27:33 localhost kernel: iommu: DMA domain TLB invalidation policy: lazy mode
Mar 12 08:27:33 localhost kernel: [0;1;39m[0;1;31m[0;1;39mSCSI subsystem initialized[0m
Mar 12 08:27:33 localhost kernel: [0;38;5;245m[0;1;31m[0;38;5;245mlibata version 3.00 loaded.[0m
Mar 12 08:27:33 localhost kernel: ACPI: bus type USB registered
Mar 12 08:27:33 localhost kernel: usbcore: registered new interface driver usbfs
Mar 12 08:27:33 localhost kernel: usbcore: registered new interface driver hub
Mar 12 08:27:33 localhost kernel: usbcore: registered new device driver usb
Mar 12 08:27:33 localhost kernel: pps_core: LinuxPPS API ver. 1 registered
Mar 12 08:27:33 localhost kernel: pps_core: Software ver. 5.3.6 - Copyright 2005-2007 Rodolfo Giometti <giometti@linux.it>
Mar 12 08:27:33 localhost kernel: PTP clock support registered
Mar 12 08:27:33 localhost kernel: EDAC MC: Ver: 3.0.0
Mar 12 08:27:33 localhost kernel: NetLabel: Initializing
Mar 12 08:27:33 localhost kernel: NetLabel:  domain hash size = 128
Mar 12 08:27:33 localhost kernel: NetLabel:  protocols = UNLABELED CIPSOv4 CALIPSO
Mar 12 08:27:33 localhost kernel: NetLabel:  unlabeled traffic allowed by default
Mar 12 08:27:33 localhost kernel: mctp: management component transport protocol core
Mar 12 08:27:33 localhost kernel: NET: Registered PF_MCTP protocol family
Mar 12 08:27:33 localhost kernel: PCI: Using ACPI for IRQ routing
Mar 12 08:27:33 localhost kernel: [0;38;5;245m[0;1;31m[0;38;5;245mPCI: pci_cache_line_size set to 64 bytes[0m
Mar 12 08:27:33 localhost kernel: [0;38;5;245m[0;1;31m[0;38;5;245me820: reserve RAM buffer [mem 0x0009fc00-0x0009ffff][0m
Mar 12 08:27:33 localhost kernel: [0;38;5;245m[0;1;31m[0;38;5;245me820: reserve RAM buffer [mem 0xbffda000-0xbfffffff][0m
Mar 12 08:27:33 localhost kernel: pci 0000:00:02.0: vgaarb: setting as boot VGA device
Mar 12 08:27:33 localhost kernel: pci 0000:00:02.0: vgaarb: bridge control possible
Mar 12 08:27:33 localhost kernel: pci 0000:00:02.0: vgaarb: VGA device added: decodes=io+mem,owns=io+mem,locks=none
Mar 12 08:27:33 localhost kernel: vgaarb: loaded
Mar 12 08:27:33 localhost kernel: clocksource: Switched to clocksource kvm-clock
Mar 12 08:27:33 localhost kernel: [0;1;39m[0;1;31m[0;1;39mVFS: Disk quotas dquot_6.6.0[0m
Mar 12 08:27:33 localhost kernel: VFS: Dquot-cache hash table entries: 512 (order 0, 4096 bytes)
Mar 12 08:27:33 localhost kernel: AppArmor: AppArmor Filesystem Enabled
Mar 12 08:27:33 localhost kernel: pnp: PnP ACPI init
Mar 12 08:27:33 localhost kernel: [0;38;5;245m[0;1;31m[0;38;5;245mpnp 00:02: [dma 2][0m
Mar 12 08:27:33 localhost kernel: pnp: PnP ACPI: found 4 devices
Mar 12 08:27:33 localhost kernel: clocksource: acpi_pm: mask: 0xffffff max_cycles: 0xffffff, max_idle_ns: 2085701024 ns
Mar 12 08:27:33 localhost kernel: NET: Registered PF_INET protocol family
Mar 12 08:27:33 localhost kernel: IP idents hash table entries: 65536 (order: 7, 524288 bytes, linear)
Mar 12 08:27:33 localhost kernel: tcp_listen_portaddr_hash hash table entries: 2048 (order: 3, 32768 bytes, linear)
Mar 12 08:27:33 localhost kernel: Table-perturb hash table entries: 65536 (order: 6, 262144 bytes, linear)
Mar 12 08:27:33 localhost kernel: TCP established hash table entries: 32768 (order: 6, 262144 bytes, linear)
Mar 12 08:27:33 localhost kernel: TCP bind hash table entries: 32768 (order: 8, 1048576 bytes, linear)
Mar 12 08:27:33 localhost kernel: TCP: Hash tables configured (established 32768 bind 32768)
Mar 12 08:27:33 localhost kernel: MPTCP token hash table entries: 4096 (order: 4, 98304 bytes, linear)
Mar 12 08:27:33 localhost kernel: UDP hash table entries: 2048 (order: 4, 65536 bytes, linear)
Mar 12 08:27:33 localhost kernel: UDP-Lite hash table entries: 2048 (order: 4, 65536 bytes, linear)
Mar 12 08:27:33 localhost kernel: NET: Registered PF_UNIX/PF_LOCAL protocol family
Mar 12 08:27:33 localhost kernel: NET: Registered PF_XDP protocol family
Mar 12 08:27:33 localhost kernel: pci 0000:00:05.0: PCI bridge to [bus 01]
Mar 12 08:27:33 localhost kernel: pci 0000:00:05.0:   bridge window [io  0xe000-0xefff]
Mar 12 08:27:33 localhost kernel: pci 0000:00:05.0:   bridge window [mem 0xfe800000-0xfe9fffff]
Mar 12 08:27:33 localhost kernel: pci 0000:00:05.0:   bridge window [mem 0xc080000000-0xc09fffffff 64bit pref]
Mar 12 08:27:33 localhost kernel: pci 0000:00:1e.0: PCI bridge to [bus 02]
Mar 12 08:27:33 localhost kernel: pci 0000:00:1e.0:   bridge window [io  0xd000-0xdfff]
Mar 12 08:27:33 localhost kernel: pci 0000:00:1e.0:   bridge window [mem 0xfe600000-0xfe7fffff]
Mar 12 08:27:33 localhost kernel: pci 0000:00:1e.0:   bridge window [mem 0xc060000000-0xc07fffffff 64bit pref]
Mar 12 08:27:33 localhost kernel: pci 0000:00:1f.0: PCI bridge to [bus 03]
Mar 12 08:27:33 localhost kernel: pci 0000:00:1f.0:   bridge window [io  0xc000-0xcfff]
Mar 12 08:27:33 localhost kernel: pci 0000:00:1f.0:   bridge window [mem 0xfe400000-0xfe5fffff]
Mar 12 08:27:33 localhost kernel: pci 0000:00:1f.0:   bridge window [mem 0xc040000000-0xc05fffffff 64bit pref]
Mar 12 08:27:33 localhost kernel: pci_bus 0000:00: resource 4 [io  0x0000-0x0cf7 window]
Mar 12 08:27:33 localhost kernel: pci_bus 0000:00: resource 5 [io  0x0d00-0xffff window]
Mar 12 08:27:33 localhost kernel: pci_bus 0000:00: resource 6 [mem 0x000a0000-0x000bffff window]
Mar 12 08:27:33 localhost kernel: pci_bus 0000:00: resource 7 [mem 0xc0000000-0xfebfffff window]
Mar 12 08:27:33 localhost kernel: pci_bus 0000:00: resource 8 [mem 0xc000000000-0xc0a000bfff window]
Mar 12 08:27:33 localhost kernel: pci_bus 0000:01: resource 0 [io  0xe000-0xefff]
Mar 12 08:27:33 localhost kernel: pci_bus 0000:01: resource 1 [mem 0xfe800000-0xfe9fffff]
Mar 12 08:27:33 localhost kernel: pci_bus 0000:01: resource 2 [mem 0xc080000000-0xc09fffffff 64bit pref]
Mar 12 08:27:33 localhost kernel: pci_bus 0000:02: resource 0 [io  0xd000-0xdfff]
Mar 12 08:27:33 localhost kernel: pci_bus 0000:02: resource 1 [mem 0xfe600000-0xfe7fffff]
Mar 12 08:27:33 localhost kernel: pci_bus 0000:02: resource 2 [mem 0xc060000000-0xc07fffffff 64bit pref]
Mar 12 08:27:33 localhost kernel: pci_bus 0000:03: resource 0 [io  0xc000-0xcfff]
Mar 12 08:27:33 localhost kernel: pci_bus 0000:03: resource 1 [mem 0xfe400000-0xfe5fffff]
Mar 12 08:27:33 localhost kernel: pci_bus 0000:03: resource 2 [mem 0xc040000000-0xc05fffffff 64bit pref]
Mar 12 08:27:33 localhost kernel: pci 0000:00:01.0: PIIX3: Enabling Passive Release
Mar 12 08:27:33 localhost kernel: pci 0000:00:00.0: Limiting direct PCI/PCI transfers
Mar 12 08:27:33 localhost kernel: ACPI: \_SB_.LNKD: Enabled at IRQ 11
Mar 12 08:27:33 localhost kernel: PCI: CLS 0 bytes, default 64
Mar 12 08:27:33 localhost kernel: PCI-DMA: Using software bounce buffering for IO (SWIOTLB)
Mar 12 08:27:33 localhost kernel: software IO TLB: mapped [mem 0x00000000bbfda000-0x00000000bffda000] (64MB)
Mar 12 08:27:33 localhost kernel: Trying to unpack rootfs image as initramfs...
Mar 12 08:27:33 localhost kernel: [0;1;39m[0;1;31m[0;1;39mInitialise system trusted keyrings[0m
Mar 12 08:27:33 localhost kernel: [0;1;39m[0;1;31m[0;1;39mKey type blacklist registered[0m
Mar 12 08:27:33 localhost kernel: workingset: timestamp_bits=36 max_order=20 bucket_order=0
Mar 12 08:27:33 localhost kernel: zbud: loaded
Mar 12 08:27:33 localhost kernel: squashfs: version 4.0 (2009/01/31) Phillip Lougher
Mar 12 08:27:33 localhost kernel: fuse: init (API version 7.39)
Mar 12 08:27:33 localhost kernel: [0;1;39m[0;1;31m[0;1;39mintegrity: Platform Keyring initialized[0m
Mar 12 08:27:33 localhost kernel: [0;1;39m[0;1;31m[0;1;39mintegrity: Machine keyring initialized[0m
Mar 12 08:27:33 localhost kernel: [0;1;39m[0;1;31m[0;1;39mKey type asymmetric registered[0m
Mar 12 08:27:33 localhost kernel: [0;1;39m[0;1;31m[0;1;39mAsymmetric key parser 'x509' registered[0m
Mar 12 08:27:33 localhost kernel: Block layer SCSI generic (bsg) driver version 0.4 loaded (major 243)
Mar 12 08:27:33 localhost kernel: io scheduler mq-deadline registered
Mar 12 08:27:33 localhost kernel: shpchp 0000:00:05.0: Requesting control of SHPC hotplug via OSHP (\_SB_.PCI0.S28_)
Mar 12 08:27:33 localhost kernel: shpchp 0000:00:05.0: Requesting control of SHPC hotplug via OSHP (\_SB_.PCI0)
Mar 12 08:27:33 localhost kernel: shpchp 0000:00:05.0: Cannot get control of SHPC hotplug
Mar 12 08:27:33 localhost kernel: shpchp 0000:00:1e.0: Requesting control of SHPC hotplug via OSHP (\_SB_.PCI0.SF0_)
Mar 12 08:27:33 localhost kernel: shpchp 0000:00:1e.0: Requesting control of SHPC hotplug via OSHP (\_SB_.PCI0)
Mar 12 08:27:33 localhost kernel: shpchp 0000:00:1e.0: Cannot get control of SHPC hotplug
Mar 12 08:27:33 localhost kernel: shpchp 0000:00:1f.0: Requesting control of SHPC hotplug via OSHP (\_SB_.PCI0.SF8_)
Mar 12 08:27:33 localhost kernel: shpchp 0000:00:1f.0: Requesting control of SHPC hotplug via OSHP (\_SB_.PCI0)
Mar 12 08:27:33 localhost kernel: shpchp 0000:00:1f.0: Cannot get control of SHPC hotplug
Mar 12 08:27:33 localhost kernel: shpchp: Standard Hot Plug PCI Controller Driver version: 0.4
Mar 12 08:27:33 localhost kernel: input: Power Button as /devices/LNXSYSTM:00/LNXPWRBN:00/input/input0
Mar 12 08:27:33 localhost kernel: ACPI: button: Power Button [PWRF]
Mar 12 08:27:33 localhost kernel: ACPI: \_SB_.LNKC: Enabled at IRQ 10
Mar 12 08:27:33 localhost kernel: ACPI: \_SB_.LNKB: Enabled at IRQ 10
Mar 12 08:27:33 localhost kernel: ACPI: \_SB_.LNKA: Enabled at IRQ 11
Mar 12 08:27:33 localhost kernel: Free page reporting enabled
Mar 12 08:27:33 localhost kernel: Serial: 8250/16550 driver, 32 ports, IRQ sharing enabled
Mar 12 08:27:33 localhost kernel: Linux agpgart interface v0.103
Mar 12 08:27:33 localhost kernel: loop: module loaded
Mar 12 08:27:33 localhost kernel: virtio_scsi virtio3: 2/0/0 default/read/poll queues
Mar 12 08:27:33 localhost kernel: scsi host0: Virtio SCSI HBA
Mar 12 08:27:33 localhost kernel: [0;38;5;245m[0;1;31m[0;38;5;245mata_piix 0000:00:01.1: version 2.13[0m
Mar 12 08:27:33 localhost kernel: [0;1;39m[0;1;31m[0;1;39mscsi 0:0:0:0: Direct-Access     QEMU     QEMU HARDDISK    2.5+ PQ: 0 ANSI: 5[0m
Mar 12 08:27:33 localhost kernel: scsi host1: ata_piix
Mar 12 08:27:33 localhost kernel: scsi host2: ata_piix
Mar 12 08:27:33 localhost kernel: ata1: PATA max MWDMA2 cmd 0x1f0 ctl 0x3f6 bmdma 0xf0e0 irq 14 lpm-pol 0
Mar 12 08:27:33 localhost kernel: ata2: PATA max MWDMA2 cmd 0x170 ctl 0x376 bmdma 0xf0e8 irq 15 lpm-pol 0
Mar 12 08:27:33 localhost kernel: ACPI: bus type drm_connector registered
Mar 12 08:27:33 localhost kernel: tun: Universal TUN/TAP device driver, 1.6
Mar 12 08:27:33 localhost kernel: PPP generic driver version 2.4.2
Mar 12 08:27:33 localhost kernel: uhci_hcd 0000:00:01.2: UHCI Host Controller
Mar 12 08:27:33 localhost kernel: uhci_hcd 0000:00:01.2: new USB bus registered, assigned bus number 1
Mar 12 08:27:33 localhost kernel: uhci_hcd 0000:00:01.2: detected 2 ports
Mar 12 08:27:33 localhost kernel: uhci_hcd 0000:00:01.2: irq 11, io port 0x0000f0c0
Mar 12 08:27:33 localhost kernel: usb usb1: New USB device found, idVendor=1d6b, idProduct=0001, bcdDevice= 6.08
Mar 12 08:27:33 localhost kernel: usb usb1: New USB device strings: Mfr=3, Product=2, SerialNumber=1
Mar 12 08:27:33 localhost kernel: usb usb1: Product: UHCI Host Controller
Mar 12 08:27:33 localhost kernel: usb usb1: Manufacturer: Linux 6.8.0-55-generic uhci_hcd
Mar 12 08:27:33 localhost kernel: usb usb1: SerialNumber: 0000:00:01.2
Mar 12 08:27:33 localhost kernel: hub 1-0:1.0: USB hub found
Mar 12 08:27:33 localhost kernel: hub 1-0:1.0: 2 ports detected
Mar 12 08:27:33 localhost kernel: i8042: PNP: PS/2 Controller [PNP0303:KBD,PNP0f13:MOU] at 0x60,0x64 irq 1,12
Mar 12 08:27:33 localhost kernel: serio: i8042 KBD port at 0x60,0x64 irq 1
Mar 12 08:27:33 localhost kernel: serio: i8042 AUX port at 0x60,0x64 irq 12
Mar 12 08:27:33 localhost kernel: mousedev: PS/2 mouse device common for all mice
Mar 12 08:27:33 localhost kernel: rtc_cmos 00:03: RTC can wake from S4
Mar 12 08:27:33 localhost kernel: input: AT Translated Set 2 keyboard as /devices/platform/i8042/serio0/input/input1
Mar 12 08:27:33 localhost kernel: [0;1;38;5;185m[0;1;39m[0;1;38;5;185msd 0:0:0:0: Power-on or device reset occurred[0m
Mar 12 08:27:33 localhost kernel: [0;1;39m[0;1;31m[0;1;39msd 0:0:0:0: [sda] 67108864 512-byte logical blocks: (34.4 GB/32.0 GiB)[0m
Mar 12 08:27:33 localhost kernel: [0;1;39m[0;1;31m[0;1;39msd 0:0:0:0: [sda] Write Protect is off[0m
Mar 12 08:27:33 localhost kernel: [0;38;5;245m[0;1;31m[0;38;5;245msd 0:0:0:0: [sda] Mode Sense: 63 00 10 08[0m
Mar 12 08:27:33 localhost kernel: [0;1;39m[0;1;31m[0;1;39msd 0:0:0:0: [sda] Write cache: enabled, read cache: enabled, supports DPO and FUA[0m
Mar 12 08:27:33 localhost kernel: rtc_cmos 00:03: registered as rtc0
Mar 12 08:27:33 localhost kernel: rtc_cmos 00:03: setting system clock to 2026-03-12T08:27:13 UTC (1773304033)
Mar 12 08:27:33 localhost kernel: rtc_cmos 00:03: alarms up to one day, y3k, 242 bytes nvram
Mar 12 08:27:33 localhost kernel: i2c_dev: i2c /dev entries driver
Mar 12 08:27:33 localhost kernel: [0;1;38;5;185m[0;1;39m[0;1;38;5;185mdevice-mapper: core: CONFIG_IMA_DISABLE_HTABLE is disabled. Duplicate IMA measurements will not be recorded in the IMA log.[0m
Mar 12 08:27:33 localhost kernel: device-mapper: uevent: version 1.0.3
Mar 12 08:27:33 localhost kernel: [0;1;39m[0;1;31m[0;1;39msd 0:0:0:0: Attached scsi generic sg0 type 0[0m
Mar 12 08:27:33 localhost kernel: device-mapper: ioctl: 4.48.0-ioctl (2023-03-01) initialised: dm-devel@redhat.com
Mar 12 08:27:33 localhost kernel: platform eisa.0: Probing EISA bus 0
Mar 12 08:27:33 localhost kernel: [0;1;38;5;185m[0;1;39m[0;1;38;5;185mplatform eisa.0: EISA: Cannot allocate resource for mainboard[0m
Mar 12 08:27:33 localhost kernel: [0;1;38;5;185m[0;1;39m[0;1;38;5;185mplatform eisa.0: Cannot allocate resource for EISA slot 1[0m
Mar 12 08:27:33 localhost kernel: [0;1;38;5;185m[0;1;39m[0;1;38;5;185mplatform eisa.0: Cannot allocate resource for EISA slot 2[0m
Mar 12 08:27:33 localhost kernel: [0;1;38;5;185m[0;1;39m[0;1;38;5;185mplatform eisa.0: Cannot allocate resource for EISA slot 3[0m
Mar 12 08:27:33 localhost kernel: [0;1;38;5;185m[0;1;39m[0;1;38;5;185mplatform eisa.0: Cannot allocate resource for EISA slot 4[0m
Mar 12 08:27:33 localhost kernel: [0;1;38;5;185m[0;1;39m[0;1;38;5;185mplatform eisa.0: Cannot allocate resource for EISA slot 5[0m
Mar 12 08:27:33 localhost kernel: [0;1;38;5;185m[0;1;39m[0;1;38;5;185mplatform eisa.0: Cannot allocate resource for EISA slot 6[0m
Mar 12 08:27:33 localhost kernel: [0;1;38;5;185m[0;1;39m[0;1;38;5;185mplatform eisa.0: Cannot allocate resource for EISA slot 7[0m
Mar 12 08:27:33 localhost kernel: [0;1;38;5;185m[0;1;39m[0;1;38;5;185mplatform eisa.0: Cannot allocate resource for EISA slot 8[0m
Mar 12 08:27:33 localhost kernel: platform eisa.0: EISA: Detected 0 cards
Mar 12 08:27:33 localhost kernel: [0;1;38;5;185m[0;1;39m[0;1;38;5;185mamd_pstate: the _CPC object is not present in SBIOS or ACPI disabled[0m
Mar 12 08:27:33 localhost kernel: ledtrig-cpu: registered to indicate activity on CPUs
Mar 12 08:27:33 localhost kernel: [drm] Initialized simpledrm 1.0.0 20200625 for simple-framebuffer.0 on minor 0
Mar 12 08:27:33 localhost kernel: Console: switching to colour frame buffer device 100x37
Mar 12 08:27:33 localhost kernel: simple-framebuffer simple-framebuffer.0: [drm] fb0: simpledrmdrmfb frame buffer device
Mar 12 08:27:33 localhost kernel: drop_monitor: Initializing network drop monitor service
Mar 12 08:27:33 localhost kernel: NET: Registered PF_INET6 protocol family
Mar 12 08:27:33 localhost kernel:  sda: sda1 sda2 sda3
Mar 12 08:27:33 localhost kernel: [0;1;39m[0;1;31m[0;1;39msd 0:0:0:0: [sda] Attached SCSI disk[0m
Mar 12 08:27:33 localhost kernel: ata2: found unknown device (class 0)
Mar 12 08:27:33 localhost kernel: ata2.00: ATAPI: QEMU DVD-ROM, 2.5+, max UDMA/100
Mar 12 08:27:33 localhost kernel: [0;1;39m[0;1;31m[0;1;39mscsi 2:0:0:0: CD-ROM            QEMU     QEMU DVD-ROM     2.5+ PQ: 0 ANSI: 5[0m
Mar 12 08:27:33 localhost kernel: sr 2:0:0:0: [sr0] scsi3-mmc drive: 4x/4x cd/rw xa/form2 tray
Mar 12 08:27:33 localhost kernel: cdrom: Uniform CD-ROM driver Revision: 3.20
Mar 12 08:27:33 localhost kernel: [0;38;5;245m[0;1;31m[0;38;5;245msr 2:0:0:0: Attached scsi CD-ROM sr0[0m
Mar 12 08:27:33 localhost kernel: [0;1;39m[0;1;31m[0;1;39msr 2:0:0:0: Attached scsi generic sg1 type 5[0m
Mar 12 08:27:33 localhost kernel: Freeing initrd memory: 67140K
Mar 12 08:27:33 localhost kernel: Segment Routing with IPv6
Mar 12 08:27:33 localhost kernel: In-situ OAM (IOAM) with IPv6
Mar 12 08:27:33 localhost kernel: NET: Registered PF_PACKET protocol family
Mar 12 08:27:33 localhost kernel: [0;1;39m[0;1;31m[0;1;39mKey type dns_resolver registered[0m
Mar 12 08:27:33 localhost kernel: IPI shorthand broadcast: enabled
Mar 12 08:27:33 localhost kernel: sched_clock: Marking stable (1274008690, 1340510)->(1303027989, -27678789)
Mar 12 08:27:33 localhost kernel: usb 1-1: new full-speed USB device number 2 using uhci_hcd
Mar 12 08:27:33 localhost kernel: registered taskstats version 1
Mar 12 08:27:33 localhost kernel: [0;1;39m[0;1;31m[0;1;39mLoading compiled-in X.509 certificates[0m
Mar 12 08:27:33 localhost kernel: [0;1;39m[0;1;31m[0;1;39mLoaded X.509 cert 'Build time autogenerated kernel key: e0bedf6fa049a1e09bd65ebab3904f14cdd5bc68'[0m
Mar 12 08:27:33 localhost kernel: [0;1;39m[0;1;31m[0;1;39mLoaded X.509 cert 'Canonical Ltd. Live Patch Signing: 14df34d1a87cf37625abec039ef2bf521249b969'[0m
Mar 12 08:27:33 localhost kernel: [0;1;39m[0;1;31m[0;1;39mLoaded X.509 cert 'Canonical Ltd. Kernel Module Signing: 88f752e560a1e0737e31163a466ad7b70a850c19'[0m
Mar 12 08:27:33 localhost kernel: [0;1;39m[0;1;31m[0;1;39mblacklist: Loading compiled-in revocation X.509 certificates[0m
Mar 12 08:27:33 localhost kernel: [0;1;39m[0;1;31m[0;1;39mLoaded X.509 cert 'Canonical Ltd. Secure Boot Signing: 61482aa2830d0ab2ad5af10b7250da9033ddcef0'[0m
Mar 12 08:27:33 localhost kernel: [0;1;39m[0;1;31m[0;1;39mLoaded X.509 cert 'Canonical Ltd. Secure Boot Signing (2017): 242ade75ac4a15e50d50c84b0d45ff3eae707a03'[0m
Mar 12 08:27:33 localhost kernel: [0;1;39m[0;1;31m[0;1;39mLoaded X.509 cert 'Canonical Ltd. Secure Boot Signing (ESM 2018): 365188c1d374d6b07c3c8f240f8ef722433d6a8b'[0m
Mar 12 08:27:33 localhost kernel: [0;1;39m[0;1;31m[0;1;39mLoaded X.509 cert 'Canonical Ltd. Secure Boot Signing (2019): c0746fd6c5da3ae827864651ad66ae47fe24b3e8'[0m
Mar 12 08:27:33 localhost kernel: [0;1;39m[0;1;31m[0;1;39mLoaded X.509 cert 'Canonical Ltd. Secure Boot Signing (2021 v1): a8d54bbb3825cfb94fa13c9f8a594a195c107b8d'[0m
Mar 12 08:27:33 localhost kernel: [0;1;39m[0;1;31m[0;1;39mLoaded X.509 cert 'Canonical Ltd. Secure Boot Signing (2021 v2): 4cf046892d6fd3c9a5b03f98d845f90851dc6a8c'[0m
Mar 12 08:27:33 localhost kernel: [0;1;39m[0;1;31m[0;1;39mLoaded X.509 cert 'Canonical Ltd. Secure Boot Signing (2021 v3): 100437bb6de6e469b581e61cd66bce3ef4ed53af'[0m
Mar 12 08:27:33 localhost kernel: [0;1;39m[0;1;31m[0;1;39mLoaded X.509 cert 'Canonical Ltd. Secure Boot Signing (Ubuntu Core 2019): c1d57b8f6b743f23ee41f4f7ee292f06eecadfb9'[0m
Mar 12 08:27:33 localhost kernel: [0;1;39m[0;1;31m[0;1;39mKey type .fscrypt registered[0m
Mar 12 08:27:33 localhost kernel: [0;1;39m[0;1;31m[0;1;39mKey type fscrypt-provisioning registered[0m
Mar 12 08:27:33 localhost kernel: cryptd: max_cpu_qlen set to 1000
Mar 12 08:27:33 localhost kernel: SSE version of gcm_enc/dec engaged.
Mar 12 08:27:33 localhost kernel: [0;1;39m[0;1;31m[0;1;39mKey type encrypted registered[0m
Mar 12 08:27:33 localhost kernel: AppArmor: AppArmor sha256 policy hashing enabled
Mar 12 08:27:33 localhost kernel: ima: No TPM chip found, activating TPM-bypass!
Mar 12 08:27:33 localhost kernel: [0;1;39m[0;1;31m[0;1;39mLoading compiled-in module X.509 certificates[0m
Mar 12 08:27:33 localhost kernel: [0;1;39m[0;1;31m[0;1;39mLoaded X.509 cert 'Build time autogenerated kernel key: e0bedf6fa049a1e09bd65ebab3904f14cdd5bc68'[0m
Mar 12 08:27:33 localhost kernel: ima: Allocated hash algorithm: sha256
Mar 12 08:27:33 localhost kernel: ima: No architecture policies found
Mar 12 08:27:33 localhost kernel: evm: Initialising EVM extended attributes:
Mar 12 08:27:33 localhost kernel: evm: security.selinux
Mar 12 08:27:33 localhost kernel: evm: security.SMACK64
Mar 12 08:27:33 localhost kernel: evm: security.SMACK64EXEC
Mar 12 08:27:33 localhost kernel: evm: security.SMACK64TRANSMUTE
Mar 12 08:27:33 localhost kernel: evm: security.SMACK64MMAP
Mar 12 08:27:33 localhost kernel: evm: security.apparmor
Mar 12 08:27:33 localhost kernel: evm: security.ima
Mar 12 08:27:33 localhost kernel: evm: security.capability
Mar 12 08:27:33 localhost kernel: evm: HMAC attrs: 0x1
Mar 12 08:27:33 localhost kernel: PM:   Magic number: 2:655:472
Mar 12 08:27:33 localhost kernel: acpi LNXSYSTM:00: hash matches
Mar 12 08:27:33 localhost kernel: powernow_k8: Power state transitions not supported
Mar 12 08:27:33 localhost kernel: powernow_k8: Power state transitions not supported
Mar 12 08:27:33 localhost kernel: RAS: Correctable Errors collector initialized.
Mar 12 08:27:33 localhost kernel: clk: Disabling unused clocks
Mar 12 08:27:33 localhost kernel: Freeing unused decrypted memory: 2028K
Mar 12 08:27:33 localhost kernel: Freeing unused kernel image (initmem) memory: 4988K
Mar 12 08:27:33 localhost kernel: Write protecting the kernel read-only data: 38912k
Mar 12 08:27:33 localhost kernel: Freeing unused kernel image (rodata/data gap) memory: 2040K
Mar 12 08:27:33 localhost kernel: usb 1-1: New USB device found, idVendor=0627, idProduct=0001, bcdDevice= 0.00
Mar 12 08:27:33 localhost kernel: usb 1-1: New USB device strings: Mfr=1, Product=3, SerialNumber=10
Mar 12 08:27:33 localhost kernel: usb 1-1: Product: QEMU USB Tablet
Mar 12 08:27:33 localhost kernel: usb 1-1: Manufacturer: QEMU
Mar 12 08:27:33 localhost kernel: usb 1-1: SerialNumber: 28754-0000:00:01.2-1
Mar 12 08:27:33 localhost kernel: x86/mm: Checked W+X mappings: passed, no W+X pages found.
Mar 12 08:27:33 localhost kernel: Run /init as init process
Mar 12 08:27:33 localhost kernel: [0;38;5;245m[0;1;31m[0;38;5;245m  with arguments:[0m
Mar 12 08:27:33 localhost kernel: [0;38;5;245m[0;1;31m[0;38;5;245m    /init[0m
Mar 12 08:27:33 localhost kernel: [0;38;5;245m[0;1;31m[0;38;5;245m  with environment:[0m
Mar 12 08:27:33 localhost kernel: [0;38;5;245m[0;1;31m[0;38;5;245m    HOME=/[0m
Mar 12 08:27:33 localhost kernel: [0;38;5;245m[0;1;31m[0;38;5;245m    TERM=linux[0m
Mar 12 08:27:33 localhost kernel: [0;38;5;245m[0;1;31m[0;38;5;245m    BOOT_IMAGE=/vmlinuz-6.8.0-55-generic[0m
Mar 12 08:27:33 localhost kernel: virtio_net virtio2 ens18: renamed from eth0
Mar 12 08:27:33 localhost kernel: FDC 0 is a S82078B
Mar 12 08:27:33 localhost kernel: hid: raw HID events driver (C) Jiri Kosina
Mar 12 08:27:33 localhost kernel: input: VirtualPS/2 VMware VMMouse as /devices/platform/i8042/serio1/input/input4
Mar 12 08:27:33 localhost kernel: Console: switching to colour dummy device 80x25
Mar 12 08:27:33 localhost kernel: input: VirtualPS/2 VMware VMMouse as /devices/platform/i8042/serio1/input/input3
Mar 12 08:27:33 localhost kernel: bochs-drm 0000:00:02.0: vgaarb: deactivate vga console
Mar 12 08:27:33 localhost kernel: [drm] Found bochs VGA, ID 0xb0c5.
Mar 12 08:27:33 localhost kernel: [drm] Framebuffer size 16384 kB @ 0xfd000000, mmio @ 0xfea50000.
Mar 12 08:27:33 localhost kernel: [drm] Found EDID data blob.
Mar 12 08:27:33 localhost kernel: [drm] Initialized bochs-drm 1.0.0 20130925 for 0000:00:02.0 on minor 0
Mar 12 08:27:33 localhost kernel: fbcon: bochs-drmdrmfb (fb0) is primary device
Mar 12 08:27:33 localhost kernel: usbcore: registered new interface driver usbhid
Mar 12 08:27:33 localhost kernel: usbhid: USB HID core driver
Mar 12 08:27:33 localhost kernel: input: QEMU QEMU USB Tablet as /devices/pci0000:00/0000:00:01.2/usb1/1-1/1-1:1.0/0003:0627:0001.0001/input/input5
Mar 12 08:27:33 localhost kernel: hid-generic 0003:0627:0001.0001: input,hidraw0: USB HID v0.01 Mouse [QEMU QEMU USB Tablet] on usb-0000:00:01.2-1/input0
Mar 12 08:27:33 localhost kernel: Console: switching to colour frame buffer device 160x50
Mar 12 08:27:33 localhost kernel: bochs-drm 0000:00:02.0: [drm] fb0: bochs-drmdrmfb frame buffer device
Mar 12 08:27:33 localhost kernel: [0;1;39m[0;1;31m[0;1;39mrandom: crng init done[0m
Mar 12 08:27:33 localhost kernel: raid6: sse2x4   gen()  1754 MB/s
Mar 12 08:27:33 localhost kernel: raid6: sse2x2   gen()  1880 MB/s
Mar 12 08:27:33 localhost kernel: raid6: sse2x1   gen()  1450 MB/s
Mar 12 08:27:33 localhost kernel: raid6: using algorithm sse2x2 gen() 1880 MB/s
Mar 12 08:27:33 localhost kernel: raid6: .... xor() 13049 MB/s, rmw enabled
Mar 12 08:27:33 localhost kernel: raid6: using ssse3x2 recovery algorithm
Mar 12 08:27:33 localhost kernel: xor: measuring software checksum speed
Mar 12 08:27:33 localhost kernel:    prefetch64-sse  : 31354 MB/sec
Mar 12 08:27:33 localhost kernel:    generic_sse     : 26226 MB/sec
Mar 12 08:27:33 localhost kernel: xor: using function: prefetch64-sse (31354 MB/sec)
Mar 12 08:27:33 localhost kernel: async_tx: api initialized (async)
Mar 12 08:27:33 localhost kernel: [0;1;38;5;185m[0;1;39m[0;1;38;5;185mworkqueue: drm_fb_helper_damage_work hogged CPU for >10000us 4 times, consider switching to WQ_UNBOUND[0m
Mar 12 08:27:33 localhost kernel: Btrfs loaded, zoned=yes, fsverity=yes
Mar 12 08:27:33 localhost kernel: EXT4-fs (dm-0): mounted filesystem 78dfc1ab-05ce-40b9-a2f8-2f3e03168145 ro with ordered data mode. Quota mode: none.
Mar 12 08:27:33 localhost kernel: [0;1;38;5;185m[0;1;39m[0;1;38;5;185mworkqueue: drm_fb_helper_damage_work hogged CPU for >10000us 8 times, consider switching to WQ_UNBOUND[0m
Mar 12 08:27:33 localhost systemd[1]: Inserted module 'autofs4'
Mar 12 08:27:33 localhost systemd[1]: systemd 255.4-1ubuntu8.5 running in system mode (+PAM +AUDIT +SELINUX +APPARMOR +IMA +SMACK +SECCOMP +GCRYPT -GNUTLS +OPENSSL +ACL +BLKID +CURL +ELFUTILS +FIDO2 +IDN2 -IDN +IPTC +KMOD +LIBCRYPTSETUP +LIBFDISK +PCRE2 -PWQUALITY +P11KIT +QRENCODE +TPM2 +BZIP2 +LZ4 +XZ +ZLIB +ZSTD -BPF_FRAMEWORK -XKBCOMMON +UTMP +SYSVINIT default-hierarchy=unified)
Mar 12 08:27:33 localhost systemd[1]: Detected virtualization kvm.
Mar 12 08:27:33 localhost systemd[1]: Detected architecture x86-64.
Mar 12 08:27:33 localhost systemd[1]: No hostname configured, using default hostname.
Mar 12 08:27:33 localhost systemd[1]: Hostname set to <localhost>.
Mar 12 08:27:33 localhost systemd[1]: Queued start job for default target graphical.target.
Mar 12 08:27:33 localhost systemd[1]: Created slice system-modprobe.slice - Slice /system/modprobe.
Mar 12 08:27:33 localhost systemd[1]: Created slice system-systemd\x2dfsck.slice - Slice /system/systemd-fsck.
Mar 12 08:27:33 localhost kernel: [0;1;38;5;185m[0;1;39m[0;1;38;5;185mworkqueue: drm_fb_helper_damage_work hogged CPU for >10000us 16 times, consider switching to WQ_UNBOUND[0m
Mar 12 08:27:33 localhost systemd[1]: Created slice user.slice - User and Session Slice.
Mar 12 08:27:33 localhost systemd[1]: Started systemd-ask-password-wall.path - Forward Password Requests to Wall Directory Watch.
Mar 12 08:27:33 localhost systemd[1]: Set up automount proc-sys-fs-binfmt_misc.automount - Arbitrary Executable File Formats File System Automount Point.
Mar 12 08:27:33 localhost systemd[1]: Expecting device dev-disk-by\x2duuid-c3f8f018\x2df5f7\x2d4a5d\x2d92a1\x2d12ee87108672.device - /dev/disk/by-uuid/c3f8f018-f5f7-4a5d-92a1-12ee87108672...
Mar 12 08:27:33 localhost systemd[1]: Reached target integritysetup.target - Local Integrity Protected Volumes.
Mar 12 08:27:33 localhost systemd[1]: Reached target slices.target - Slice Units.
Mar 12 08:27:33 localhost systemd[1]: Reached target snapd.mounts-pre.target - Mounting snaps.
Mar 12 08:27:33 localhost systemd[1]: Reached target snapd.mounts.target - Mounted snaps.
Mar 12 08:27:33 localhost systemd[1]: Reached target veritysetup.target - Local Verity Protected Volumes.
Mar 12 08:27:33 localhost systemd[1]: Listening on dm-event.socket - Device-mapper event daemon FIFOs.
Mar 12 08:27:33 localhost systemd[1]: Listening on lvm2-lvmpolld.socket - LVM2 poll daemon socket.
Mar 12 08:27:33 localhost systemd[1]: Listening on multipathd.socket - multipathd control socket.
Mar 12 08:27:33 localhost systemd[1]: Listening on syslog.socket - Syslog Socket.
Mar 12 08:27:33 localhost systemd[1]: Listening on systemd-fsckd.socket - fsck to fsckd communication Socket.
Mar 12 08:27:33 localhost systemd[1]: Listening on systemd-initctl.socket - initctl Compatibility Named Pipe.
Mar 12 08:27:33 localhost systemd[1]: Listening on systemd-journald-dev-log.socket - Journal Socket (/dev/log).
Mar 12 08:27:33 localhost systemd[1]: Listening on systemd-journald.socket - Journal Socket.
Mar 12 08:27:33 localhost systemd[1]: Listening on systemd-networkd.socket - Network Service Netlink Socket.
Mar 12 08:27:33 localhost systemd[1]: systemd-pcrextend.socket - TPM2 PCR Extension (Varlink) was skipped because of an unmet condition check (ConditionSecurity=measured-uki).
Mar 12 08:27:33 localhost systemd[1]: Listening on systemd-udevd-control.socket - udev Control Socket.
Mar 12 08:27:33 localhost systemd[1]: Listening on systemd-udevd-kernel.socket - udev Kernel Socket.
Mar 12 08:27:33 localhost systemd[1]: Mounting dev-hugepages.mount - Huge Pages File System...
Mar 12 08:27:33 localhost systemd[1]: Mounting dev-mqueue.mount - POSIX Message Queue File System...
Mar 12 08:27:33 localhost systemd[1]: Mounting sys-kernel-debug.mount - Kernel Debug File System...
Mar 12 08:27:33 localhost systemd[1]: Mounting sys-kernel-tracing.mount - Kernel Trace File System...
Mar 12 08:27:33 localhost systemd[1]: Starting systemd-journald.service - Journal Service...
Mar 12 08:27:33 localhost systemd[1]: Starting keyboard-setup.service - Set the console keyboard layout...
Mar 12 08:27:33 localhost systemd[1]: Starting kmod-static-nodes.service - Create List of Static Device Nodes...
Mar 12 08:27:33 localhost systemd[1]: Starting lvm2-monitor.service - Monitoring of LVM2 mirrors, snapshots etc. using dmeventd or progress polling...
Mar 12 08:27:33 localhost systemd[1]: Starting modprobe@configfs.service - Load Kernel Module configfs...
Mar 12 08:27:33 localhost systemd[1]: Starting modprobe@dm_mod.service - Load Kernel Module dm_mod...
Mar 12 08:27:33 localhost systemd[1]: Starting modprobe@drm.service - Load Kernel Module drm...
Mar 12 08:27:33 localhost systemd[1]: Starting modprobe@efi_pstore.service - Load Kernel Module efi_pstore...
Mar 12 08:27:33 localhost systemd[1]: Starting modprobe@fuse.service - Load Kernel Module fuse...
Mar 12 08:27:33 localhost systemd[1]: Starting modprobe@loop.service - Load Kernel Module loop...
Mar 12 08:27:33 localhost systemd[1]: netplan-ovs-cleanup.service - OpenVSwitch configuration for cleanup was skipped because of an unmet condition check (ConditionFileIsExecutable=/usr/bin/ovs-vsctl).
Mar 12 08:27:33 localhost systemd[1]: systemd-fsck-root.service - File System Check on Root Device was skipped because of an unmet condition check (ConditionPathExists=!/run/initramfs/fsck-root).
Mar 12 08:27:33 localhost systemd-journald[307]: Collecting audit messages is disabled.
Mar 12 08:27:33 localhost systemd[1]: Starting systemd-modules-load.service - Load Kernel Modules...
Mar 12 08:27:33 localhost systemd[1]: systemd-pcrmachine.service - TPM2 PCR Machine ID Measurement was skipped because of an unmet condition check (ConditionSecurity=measured-uki).
Mar 12 08:27:33 localhost systemd[1]: Starting systemd-remount-fs.service - Remount Root and Kernel File Systems...
Mar 12 08:27:33 localhost systemd[1]: systemd-tpm2-setup-early.service - TPM2 SRK Setup (Early) was skipped because of an unmet condition check (ConditionSecurity=measured-uki).
Mar 12 08:27:33 localhost systemd[1]: Starting systemd-udev-trigger.service - Coldplug All udev Devices...
Mar 12 08:27:33 localhost systemd[1]: Mounted dev-hugepages.mount - Huge Pages File System.
Mar 12 08:27:33 localhost systemd[1]: Mounted dev-mqueue.mount - POSIX Message Queue File System.
Mar 12 08:27:33 localhost systemd[1]: Mounted sys-kernel-debug.mount - Kernel Debug File System.
Mar 12 08:27:33 localhost systemd[1]: Mounted sys-kernel-tracing.mount - Kernel Trace File System.
Mar 12 08:27:33 localhost systemd[1]: Finished kmod-static-nodes.service - Create List of Static Device Nodes.
Mar 12 08:27:33 localhost systemd-journald[307]: Journal started
Mar 12 08:27:33 localhost systemd-journald[307]: Runtime Journal (/run/log/journal/560b026a44d3424ea490d29e1a7e2775) is 4.8M, max 39.1M, 34.2M free.
Mar 12 08:27:33 localhost systemd[1]: Started systemd-journald.service - Journal Service.
Mar 12 08:27:33 localhost systemd[1]: modprobe@configfs.service: Deactivated successfully.
Mar 12 08:27:33 localhost systemd[1]: Finished modprobe@configfs.service - Load Kernel Module configfs.
Mar 12 08:27:33 localhost systemd[1]: modprobe@dm_mod.service: Deactivated successfully.
Mar 12 08:27:33 localhost systemd[1]: Finished modprobe@dm_mod.service - Load Kernel Module dm_mod.
Mar 12 08:27:33 localhost systemd[1]: modprobe@drm.service: Deactivated successfully.
Mar 12 08:27:33 localhost systemd[1]: Finished modprobe@drm.service - Load Kernel Module drm.
Mar 12 08:27:33 localhost systemd[1]: modprobe@efi_pstore.service: Deactivated successfully.
Mar 12 08:27:33 localhost systemd[1]: Finished modprobe@efi_pstore.service - Load Kernel Module efi_pstore.
Mar 12 08:27:33 localhost systemd[1]: modprobe@fuse.service: Deactivated successfully.
Mar 12 08:27:33 localhost systemd[1]: Finished modprobe@fuse.service - Load Kernel Module fuse.
Mar 12 08:27:33 localhost systemd[1]: modprobe@loop.service: Deactivated successfully.
Mar 12 08:27:33 localhost systemd[1]: Finished modprobe@loop.service - Load Kernel Module loop.
Mar 12 08:27:33 localhost systemd[1]: Mounting sys-fs-fuse-connections.mount - FUSE Control File System...
Mar 12 08:27:33 localhost systemd[1]: Mounting sys-kernel-config.mount - Kernel Configuration File System...
Mar 12 08:27:33 localhost systemd[1]: systemd-repart.service - Repartition Root Disk was skipped because no trigger condition checks were met.
Mar 12 08:27:33 localhost systemd[1]: Starting systemd-tmpfiles-setup-dev-early.service - Create Static Device Nodes in /dev gracefully...
Mar 12 08:27:33 localhost systemd[1]: Mounted sys-fs-fuse-connections.mount - FUSE Control File System.
Mar 12 08:27:33 localhost systemd[1]: Mounted sys-kernel-config.mount - Kernel Configuration File System.
Mar 12 08:27:33 localhost kernel: EXT4-fs (dm-0): re-mounted 78dfc1ab-05ce-40b9-a2f8-2f3e03168145 r/w. Quota mode: none.
Mar 12 08:27:33 localhost systemd[1]: Finished systemd-remount-fs.service - Remount Root and Kernel File Systems.
Mar 12 08:27:33 localhost systemd[1]: Activating swap swap.img.swap - /swap.img...
Mar 12 08:27:33 localhost systemd[1]: Starting multipathd.service - Device-Mapper Multipath Device Controller...
Mar 12 08:27:33 localhost systemd[1]: systemd-hwdb-update.service - Rebuild Hardware Database was skipped because of an unmet condition check (ConditionNeedsUpdate=/etc).
Mar 12 08:27:33 localhost kernel: Adding 3261436k swap on /swap.img.  Priority:-2 extents:7 across:5735424k 
Mar 12 08:27:33 localhost systemd-modules-load[319]: Inserted module 'msr'
Mar 12 08:27:33 localhost systemd[1]: Starting systemd-journal-flush.service - Flush Journal to Persistent Storage...
Mar 12 08:27:33 localhost systemd[1]: systemd-pstore.service - Platform Persistent Storage Archival was skipped because of an unmet condition check (ConditionDirectoryNotEmpty=/sys/fs/pstore).
Mar 12 08:27:33 localhost systemd[1]: Starting systemd-random-seed.service - Load/Save OS Random Seed...
Mar 12 08:27:33 localhost systemd[1]: systemd-tpm2-setup.service - TPM2 SRK Setup was skipped because of an unmet condition check (ConditionSecurity=measured-uki).
Mar 12 08:27:33 localhost systemd[1]: Activated swap swap.img.swap - /swap.img.
Mar 12 08:27:34 localhost systemd[1]: Finished keyboard-setup.service - Set the console keyboard layout.
Mar 12 08:27:34 localhost systemd[1]: Finished systemd-modules-load.service - Load Kernel Modules.
Mar 12 08:27:34 localhost systemd-journald[307]: Time spent on flushing to /var/log/journal/560b026a44d3424ea490d29e1a7e2775 is 2.615548s for 774 entries.
Mar 12 08:27:34 localhost systemd-journald[307]: System Journal (/var/log/journal/560b026a44d3424ea490d29e1a7e2775) is 29.3M, max 1.4G, 1.4G free.
Mar 12 08:27:46 localhost systemd-journald[307]: Received client request to flush runtime journal.
Mar 12 08:27:46 localhost systemd-journald[307]: /var/log/journal/560b026a44d3424ea490d29e1a7e2775/system.journal: Journal file uses a different sequence number ID, rotating.
Mar 12 08:27:46 localhost systemd-journald[307]: Rotating system journal.
Mar 12 08:27:46 localhost kernel: piix4_smbus 0000:00:01.3: SMBus Host Controller at 0x700, revision 0
Mar 12 08:27:46 localhost kernel: [0;1;38;5;185m[0;1;39m[0;1;38;5;185mworkqueue: drm_fb_helper_damage_work hogged CPU for >10000us 32 times, consider switching to WQ_UNBOUND[0m
Mar 12 08:27:46 localhost kernel: EXT4-fs (sda2): mounted filesystem c3f8f018-f5f7-4a5d-92a1-12ee87108672 r/w with ordered data mode. Quota mode: none.
Mar 12 08:27:46 localhost kernel: [0;1;39m[0;1;31m[0;1;39mcfg80211: Loading compiled-in X.509 certificates for regulatory database[0m
Mar 12 08:27:46 localhost kernel: [0;1;39m[0;1;31m[0;1;39mLoaded X.509 cert 'sforshee: 00b28ddf47aef9cea7'[0m
Mar 12 08:27:46 localhost kernel: [0;1;39m[0;1;31m[0;1;39mLoaded X.509 cert 'wens: 61c038651aabdcf94bd0ac7ff06c7248db18c600'[0m
Mar 12 08:27:46 localhost kernel: [0;1;39m[0;1;31m[0;1;39maudit: type=1400 audit(1773304065.280:2): apparmor="STATUS" operation="profile_load" profile="unconfined" name="1password" pid=541 comm="apparmor_parser"[0m
Mar 12 08:27:46 localhost kernel: [0;1;39m[0;1;31m[0;1;39maudit: type=1400 audit(1773304065.280:3): apparmor="STATUS" operation="profile_load" profile="unconfined" name="Discord" pid=542 comm="apparmor_parser"[0m
Mar 12 08:27:46 localhost kernel: [0;1;39m[0;1;31m[0;1;39maudit: type=1400 audit(1773304065.544:4): apparmor="STATUS" operation="profile_load" profile="unconfined" name="QtWebEngineProcess" pid=548 comm="apparmor_parser"[0m
Mar 12 08:27:46 localhost kernel: [0;1;39m[0;1;31m[0;1;39maudit: type=1400 audit(1773304065.545:5): apparmor="STATUS" operation="profile_load" profile="unconfined" name=4D6F6E676F444220436F6D70617373 pid=547 comm="apparmor_parser"[0m
Mar 12 08:27:46 localhost kernel: [0;1;39m[0;1;31m[0;1;39maudit: type=1400 audit(1773304065.549:6): apparmor="STATUS" operation="profile_load" profile="unconfined" name="brave" pid=550 comm="apparmor_parser"[0m
Mar 12 08:27:46 localhost kernel: [0;1;39m[0;1;31m[0;1;39maudit: type=1400 audit(1773304065.549:7): apparmor="STATUS" operation="profile_load" profile="unconfined" name="balena-etcher" pid=549 comm="apparmor_parser"[0m
Mar 12 08:27:46 localhost kernel: [0;1;39m[0;1;31m[0;1;39maudit: type=1400 audit(1773304065.550:8): apparmor="STATUS" operation="profile_load" profile="unconfined" name="buildah" pid=551 comm="apparmor_parser"[0m
Mar 12 08:27:46 localhost kernel: [0;1;39m[0;1;31m[0;1;39maudit: type=1400 audit(1773304065.552:9): apparmor="STATUS" operation="profile_load" profile="unconfined" name="busybox" pid=552 comm="apparmor_parser"[0m
Mar 12 08:27:46 localhost kernel: [0;1;39m[0;1;31m[0;1;39maudit: type=1400 audit(1773304065.554:10): apparmor="STATUS" operation="profile_load" profile="unconfined" name="cam" pid=553 comm="apparmor_parser"[0m
Mar 12 08:27:46 localhost kernel: [0;1;39m[0;1;31m[0;1;39maudit: type=1400 audit(1773304065.588:11): apparmor="STATUS" operation="profile_load" profile="unconfined" name="ch-checkns" pid=554 comm="apparmor_parser"[0m
Mar 12 08:27:46 localhost lvm[310]:   1 logical volume(s) in volume group "ubuntu-vg" monitored
Mar 12 08:27:34 localhost systemd[1]: Reached target swap.target - Swaps.
Mar 12 08:27:46 localhost multipathd[356]: multipathd v0.9.4: start up
Mar 12 08:27:46 localhost multipathd[356]: reconfigure: setting up paths and maps
Mar 12 08:27:34 localhost systemd[1]: Starting systemd-sysctl.service - Apply Kernel Variables...
Mar 12 08:27:34 localhost systemd[1]: Finished systemd-udev-trigger.service - Coldplug All udev Devices.
Mar 12 08:27:34 localhost systemd[1]: Finished systemd-tmpfiles-setup-dev-early.service - Create Static Device Nodes in /dev gracefully.
Mar 12 08:27:34 localhost systemd[1]: systemd-sysusers.service - Create System Users was skipped because no trigger condition checks were met.
Mar 12 08:27:34 localhost systemd[1]: Starting systemd-tmpfiles-setup-dev.service - Create Static Device Nodes in /dev...
Mar 12 08:27:34 localhost systemd[1]: Finished systemd-tmpfiles-setup-dev.service - Create Static Device Nodes in /dev.
Mar 12 08:27:34 localhost systemd[1]: Starting systemd-udevd.service - Rule-based Manager for Device Events and Files...
Mar 12 08:27:34 localhost systemd-udevd[367]: Using default interface naming scheme 'v255'.
Mar 12 08:27:46 localhost systemd-fsck[515]: /dev/sda2: clean, 317/131072 files, 50706/524288 blocks
Mar 12 08:27:35 localhost systemd[1]: Finished systemd-sysctl.service - Apply Kernel Variables.
Mar 12 08:27:35 localhost systemd[1]: Finished lvm2-monitor.service - Monitoring of LVM2 mirrors, snapshots etc. using dmeventd or progress polling.
Mar 12 08:27:46 localhost apparmor.systemd[521]: Restarting AppArmor
Mar 12 08:27:46 localhost apparmor.systemd[521]: Reloading AppArmor profiles
Mar 12 08:27:36 localhost systemd[1]: Finished systemd-random-seed.service - Load/Save OS Random Seed.
Mar 12 08:27:37 localhost systemd[1]: Started multipathd.service - Device-Mapper Multipath Device Controller.
Mar 12 08:27:37 localhost systemd[1]: Reached target local-fs-pre.target - Preparation for Local File Systems.
Mar 12 08:27:38 localhost systemd[1]: Started systemd-udevd.service - Rule-based Manager for Device Events and Files.
Mar 12 08:27:38 localhost systemd[1]: plymouth-start.service - Show Plymouth Boot Screen was skipped because of an unmet condition check (ConditionKernelCommandLine=splash).
Mar 12 08:27:38 localhost systemd[1]: Started systemd-ask-password-console.path - Dispatch Password Requests to Console Directory Watch.
Mar 12 08:27:38 localhost systemd[1]: systemd-ask-password-plymouth.path - Forward Password Requests to Plymouth Directory Watch was skipped because of an unmet condition check (ConditionPathExists=/run/plymouth/pid).
Mar 12 08:27:38 localhost systemd[1]: Reached target cryptsetup.target - Local Encrypted Volumes.
Mar 12 08:27:39 localhost systemd[1]: Condition check resulted in dev-vport1p1.device - /dev/vport1p1 being skipped.
Mar 12 08:27:39 localhost systemd[1]: Condition check resulted in dev-virtio\x2dports-org.qemu.guest_agent.0.device - /dev/virtio-ports/org.qemu.guest_agent.0 being skipped.
Mar 12 08:27:39 localhost systemd[1]: Listening on systemd-rfkill.socket - Load/Save RF Kill Switch Status /dev/rfkill Watch.
Mar 12 08:27:39 localhost systemd[1]: Starting modprobe@dm_mod.service - Load Kernel Module dm_mod...
Mar 12 08:27:39 localhost (udev-worker)[396]: [0;1;38;5;185m[0;1;39m[0;1;38;5;185msr0: Process '/usr/bin/unshare -m /usr/bin/snap auto-import --mount=/dev/sr0' failed with exit code 1.[0m
Mar 12 08:27:39 localhost (udev-worker)[391]: [0;1;38;5;185m[0;1;39m[0;1;38;5;185mdm-0: Process '/usr/bin/unshare -m /usr/bin/snap auto-import --mount=/dev/dm-0' failed with exit code 1.[0m
Mar 12 08:27:39 localhost systemd[1]: Starting modprobe@efi_pstore.service - Load Kernel Module efi_pstore...
Mar 12 08:27:39 localhost systemd[1]: Starting modprobe@loop.service - Load Kernel Module loop...
Mar 12 08:27:39 localhost systemd[1]: netplan-ovs-cleanup.service - OpenVSwitch configuration for cleanup was skipped because of an unmet condition check (ConditionFileIsExecutable=/usr/bin/ovs-vsctl).
Mar 12 08:27:39 localhost systemd[1]: plymouth-start.service - Show Plymouth Boot Screen was skipped because of an unmet condition check (ConditionKernelCommandLine=splash).
Mar 12 08:27:39 localhost systemd[1]: systemd-ask-password-plymouth.path - Forward Password Requests to Plymouth Directory Watch was skipped because of an unmet condition check (ConditionPathExists=/run/plymouth/pid).
Mar 12 08:27:39 localhost systemd[1]: systemd-fsck-root.service - File System Check on Root Device was skipped because of an unmet condition check (ConditionPathExists=!/run/initramfs/fsck-root).
Mar 12 08:27:39 localhost systemd[1]: systemd-hwdb-update.service - Rebuild Hardware Database was skipped because of an unmet condition check (ConditionNeedsUpdate=/etc).
Mar 12 08:27:39 localhost systemd[1]: systemd-pcrmachine.service - TPM2 PCR Machine ID Measurement was skipped because of an unmet condition check (ConditionSecurity=measured-uki).
Mar 12 08:27:39 localhost systemd[1]: systemd-sysusers.service - Create System Users was skipped because no trigger condition checks were met.
Mar 12 08:27:39 localhost systemd[1]: systemd-tpm2-setup-early.service - TPM2 SRK Setup (Early) was skipped because of an unmet condition check (ConditionSecurity=measured-uki).
Mar 12 08:27:39 localhost systemd[1]: systemd-tpm2-setup.service - TPM2 SRK Setup was skipped because of an unmet condition check (ConditionSecurity=measured-uki).
Mar 12 08:27:39 localhost systemd[1]: modprobe@dm_mod.service: Deactivated successfully.
Mar 12 08:27:39 localhost systemd[1]: Finished modprobe@dm_mod.service - Load Kernel Module dm_mod.
Mar 12 08:27:39 localhost systemd[1]: modprobe@efi_pstore.service: Deactivated successfully.
Mar 12 08:27:39 localhost systemd[1]: Finished modprobe@efi_pstore.service - Load Kernel Module efi_pstore.
Mar 12 08:27:39 localhost systemd[1]: modprobe@loop.service: Deactivated successfully.
Mar 12 08:27:39 localhost systemd[1]: Finished modprobe@loop.service - Load Kernel Module loop.
Mar 12 08:27:39 localhost systemd[1]: systemd-pstore.service - Platform Persistent Storage Archival was skipped because of an unmet condition check (ConditionDirectoryNotEmpty=/sys/fs/pstore).
Mar 12 08:27:39 localhost systemd[1]: systemd-repart.service - Repartition Root Disk was skipped because no trigger condition checks were met.
Mar 12 08:27:39 localhost (udev-worker)[398]: [0;1;38;5;185m[0;1;39m[0;1;38;5;185msda: Process '/usr/bin/unshare -m /usr/bin/snap auto-import --mount=/dev/sda' failed with exit code 1.[0m
Mar 12 08:27:40 localhost lvm[505]: [0;1;38;5;185m[0;1;39m[0;1;38;5;185mPV /dev/sda3 online, VG ubuntu-vg is complete.[0m
Mar 12 08:27:40 localhost lvm[505]: [0;1;38;5;185m[0;1;39m[0;1;38;5;185mVG ubuntu-vg finished[0m
Mar 12 08:27:40 localhost (udev-worker)[389]: [0;1;38;5;185m[0;1;39m[0;1;38;5;185msda3: Process '/usr/bin/unshare -m /usr/bin/snap auto-import --mount=/dev/sda3' failed with exit code 1.[0m
Mar 12 08:27:42 localhost (udev-worker)[398]: [0;1;38;5;185m[0;1;39m[0;1;38;5;185msda2: Process '/usr/bin/unshare -m /usr/bin/snap auto-import --mount=/dev/sda2' failed with exit code 1.[0m
Mar 12 08:27:42 localhost systemd[1]: Found device dev-disk-by\x2duuid-c3f8f018\x2df5f7\x2d4a5d\x2d92a1\x2d12ee87108672.device - QEMU_HARDDISK 2.
Mar 12 08:27:42 localhost systemd[1]: Starting systemd-fsck@dev-disk-by\x2duuid-c3f8f018\x2df5f7\x2d4a5d\x2d92a1\x2d12ee87108672.service - File System Check on /dev/disk/by-uuid/c3f8f018-f5f7-4a5d-92a1-12ee87108672...
Mar 12 08:27:42 localhost (udev-worker)[396]: [0;1;38;5;185m[0;1;39m[0;1;38;5;185msda1: Process '/usr/bin/unshare -m /usr/bin/snap auto-import --mount=/dev/sda1' failed with exit code 1.[0m
Mar 12 08:27:42 localhost systemd[1]: Started systemd-fsckd.service - File System Check Daemon to report status.
Mar 12 08:27:43 localhost systemd[1]: Finished systemd-fsck@dev-disk-by\x2duuid-c3f8f018\x2df5f7\x2d4a5d\x2d92a1\x2d12ee87108672.service - File System Check on /dev/disk/by-uuid/c3f8f018-f5f7-4a5d-92a1-12ee87108672.
Mar 12 08:27:43 localhost systemd[1]: Mounting boot.mount - /boot...
Mar 12 08:27:44 localhost systemd[1]: Mounted boot.mount - /boot.
Mar 12 08:27:44 localhost systemd[1]: Reached target local-fs.target - Local File Systems.
Mar 12 08:27:44 localhost systemd[1]: Listening on systemd-sysext.socket - System Extension Image Management (Varlink).
Mar 12 08:27:44 localhost systemd[1]: Starting apparmor.service - Load AppArmor profiles...
Mar 12 08:27:44 localhost systemd[1]: Starting console-setup.service - Set console font and keymap...
Mar 12 08:27:44 localhost systemd[1]: Starting finalrd.service - Create final runtime dir for shutdown pivot root...
Mar 12 08:27:44 localhost systemd[1]: ldconfig.service - Rebuild Dynamic Linker Cache was skipped because no trigger condition checks were met.
Mar 12 08:27:44 localhost systemd[1]: Starting plymouth-read-write.service - Tell Plymouth To Write Out Runtime Data...
Mar 12 08:27:44 localhost systemd[1]: Starting systemd-binfmt.service - Set Up Additional Binary Formats...
Mar 12 08:27:44 localhost systemd[1]: Starting ufw.service - Uncomplicated firewall...
Mar 12 08:27:44 localhost systemd[1]: Finished console-setup.service - Set console font and keymap.
Mar 12 08:27:44 localhost systemd[1]: proc-sys-fs-binfmt_misc.automount: Got automount request for /proc/sys/fs/binfmt_misc, triggered by 528 (systemd-binfmt)
